Component: ARM Compiler 5.05 update 1 (build 106) Tool: armlink [4d0efa]

==============================================================================

Section Cross References

    system_stm32f4xx.o(.text) refers to system_stm32f4xx.o(.data) for SystemCoreClock
    startup_stm32f4xx.o(RESET) refers to startup_stm32f4xx.o(STACK) for __initial_sp
    startup_stm32f4xx.o(RESET) refers to startup_stm32f4xx.o(.text) for Reset_Handler
    startup_stm32f4xx.o(RESET) refers to stm32f4xx_it.o(.text) for NMI_Handler
    startup_stm32f4xx.o(.text) refers to system_stm32f4xx.o(.text) for SystemInit
    startup_stm32f4xx.o(.text) refers to entry.o(.ARM.Collect$$$$00000000) for __main
    main.o(.text) refers to lcd.o(.text) for LCD_ShowString
    main.o(.text) refers to printfa.o(i.__0sprintf) for __2sprintf
    main.o(.text) refers to strlen.o(.text) for strlen
    main.o(.text) refers to mqtt.o(.text) for MQTT_PublishQs0
    main.o(.text) refers to memseta.o(.text) for __aeabi_memclr4
    main.o(.text) refers to bh1750.o(.text) for BH1750_ReadData
    main.o(.text) refers to stm32f4xx_gpio.o(.text) for GPIO_ResetBits
    main.o(.text) refers to delay.o(.text) for SysTick_Init
    main.o(.text) refers to led.o(.text) for LEDGpio_Init
    main.o(.text) refers to beep.o(.text) for BEEPGpio_Init
    main.o(.text) refers to key.o(.text) for KEYGpio_Init
    main.o(.text) refers to i2c.o(.text) for I2C_GPIO_Configuration
    main.o(.text) refers to usart3.o(.text) for UART3_Configuration
    main.o(.text) refers to wifi.o(.text) for WiFi_ResetIO_Init
    main.o(.text) refers to printfa.o(i.__0printf) for __2printf
    main.o(.text) refers to strstr.o(.text) for strstr
    main.o(.text) refers to mqtt.o(.data) for Connect_flag
    main.o(.text) refers to main.o(.data) for timer_flag
    main.o(.text) refers to mqtt.o(.bss) for MQTT_TxDataBuf
    main.o(.text) refers to usart3.o(.data) for Uart5RXlenth
    stm32f4xx_it.o(.text) refers to mqtt.o(.text) for MQTT_PingREQ
    stm32f4xx_it.o(.text) refers to memcpya.o(.text) for __aeabi_memcpy
    stm32f4xx_it.o(.text) refers to delay.o(.text) for TimingDelay_Decrement
    stm32f4xx_it.o(.text) refers to stm32f4xx_usart.o(.text) for USART_GetITStatus
    stm32f4xx_it.o(.text) refers to stm32f4xx_exti.o(.text) for EXTI_GetITStatus
    stm32f4xx_it.o(.text) refers to stm32f4xx_gpio.o(.text) for GPIO_ReadOutputDataBit
    stm32f4xx_it.o(.text) refers to mqtt.o(.data) for Connect_flag
    stm32f4xx_it.o(.text) refers to stm32f4xx_it.o(.data) for cnt
    stm32f4xx_it.o(.text) refers to main.o(.data) for ping_cnt
    stm32f4xx_it.o(.text) refers to usart3.o(.data) for Uart5Time
    stm32f4xx_it.o(.text) refers to usart3.o(.bss) for Uart5ReceiveBuf
    stm32f4xx_it.o(.text) refers to mqtt.o(.bss) for MQTT_RxDataBuf
    stm32f4xx_adc.o(.text) refers to stm32f4xx_rcc.o(.text) for RCC_APB2PeriphResetCmd
    stm32f4xx_can.o(.text) refers to stm32f4xx_rcc.o(.text) for RCC_APB1PeriphResetCmd
    stm32f4xx_cryp.o(.text) refers to stm32f4xx_rcc.o(.text) for RCC_AHB2PeriphResetCmd
    stm32f4xx_cryp_aes.o(.text) refers to stm32f4xx_cryp.o(.text) for CRYP_KeyStructInit
    stm32f4xx_cryp_des.o(.text) refers to stm32f4xx_cryp.o(.text) for CRYP_KeyStructInit
    stm32f4xx_cryp_tdes.o(.text) refers to stm32f4xx_cryp.o(.text) for CRYP_KeyStructInit
    stm32f4xx_dac.o(.text) refers to stm32f4xx_rcc.o(.text) for RCC_APB1PeriphResetCmd
    stm32f4xx_gpio.o(.text) refers to stm32f4xx_rcc.o(.text) for RCC_AHB1PeriphResetCmd
    stm32f4xx_hash.o(.text) refers to stm32f4xx_rcc.o(.text) for RCC_AHB2PeriphResetCmd
    stm32f4xx_hash_md5.o(.text) refers to stm32f4xx_hash.o(.text) for HASH_DeInit
    stm32f4xx_hash_sha1.o(.text) refers to stm32f4xx_hash.o(.text) for HASH_DeInit
    stm32f4xx_i2c.o(.text) refers to stm32f4xx_rcc.o(.text) for RCC_APB1PeriphResetCmd
    stm32f4xx_pwr.o(.text) refers to stm32f4xx_rcc.o(.text) for RCC_APB1PeriphResetCmd
    stm32f4xx_rcc.o(.text) refers to stm32f4xx_rcc.o(.data) for APBAHBPrescTable
    stm32f4xx_rng.o(.text) refers to stm32f4xx_rcc.o(.text) for RCC_AHB2PeriphResetCmd
    stm32f4xx_sdio.o(.text) refers to stm32f4xx_rcc.o(.text) for RCC_APB2PeriphResetCmd
    stm32f4xx_spi.o(.text) refers to stm32f4xx_rcc.o(.text) for RCC_APB2PeriphResetCmd
    stm32f4xx_syscfg.o(.text) refers to stm32f4xx_rcc.o(.text) for RCC_APB2PeriphResetCmd
    stm32f4xx_tim.o(.text) refers to stm32f4xx_rcc.o(.text) for RCC_APB2PeriphResetCmd
    stm32f4xx_usart.o(.text) refers to stm32f4xx_rcc.o(.text) for RCC_APB2PeriphResetCmd
    stm32f4xx_wwdg.o(.text) refers to stm32f4xx_rcc.o(.text) for RCC_APB1PeriphResetCmd
    usart3.o(.text) refers to stm32f4xx_rcc.o(.text) for RCC_AHB1PeriphClockCmd
    usart3.o(.text) refers to stm32f4xx_gpio.o(.text) for GPIO_Init
    usart3.o(.text) refers to stm32f4xx_usart.o(.text) for USART_Init
    usart3.o(.text) refers to printfa.o(i.__0printf) for __2printf
    usart3.o(.text) refers to misc.o(.text) for NVIC_PriorityGroupConfig
[...]
    dflti.o(.text) refers to depilogue.o(.text) for _double_epilogue
    f2d.o(.text) refers (Special) to iusefp.o(.text) for __I$use$fp
    d2f.o(.text) refers (Special) to iusefp.o(.text) for __I$use$fp
    d2f.o(.text) refers to fepilogue.o(.text) for _float_round
    entry2.o(.ARM.Collect$$$$00000001) refers to entry2.o(.ARM.Collect$$$$00002712) for __lit__00000000
    entry2.o(.ARM.Collect$$$$00002712) refers to startup_stm32f4xx.o(STACK) for __initial_sp
    entry2.o(__vectab_stack_and_reset_area) refers to startup_stm32f4xx.o(STACK) for __initial_sp
    entry2.o(__vectab_stack_and_reset_area) refers to entry.o(.ARM.Collect$$$$00000000) for __main
    entry5.o(.ARM.Collect$$$$00000004) refers to init.o(.text) for __scatterload
    entry9a.o(.ARM.Collect$$$$0000000B) refers to main.o(.text) for main
    entry9b.o(.ARM.Collect$$$$0000000C) refers to main.o(.text) for main
    uldiv.o(.text) refers to llushr.o(.text) for __aeabi_llsr
    uldiv.o(.text) refers to llshl.o(.text) for __aeabi_llsl
    depilogue.o(.text) refers to llshl.o(.text) for __aeabi_llsl
    depilogue.o(.text) refers to llushr.o(.text) for __aeabi_llsr
    dfixul.o(.text) refers to llushr.o(.text) for __aeabi_llsr
    dfixul.o(.text) refers to llshl.o(.text) for __aeabi_llsl
    init.o(.text) refers to entry5.o(.ARM.Collect$$$$00000004) for __main_after_scatterload


==============================================================================

Removing Unused input sections from the image.

    Removing system_stm32f4xx.o(.rev16_text), (4 bytes).
    Removing system_stm32f4xx.o(.revsh_text), (4 bytes).
    Removing system_stm32f4xx.o(.rrx_text), (6 bytes).
    Removing startup_stm32f4xx.o(HEAP), (512 bytes).
    Removing main.o(.rev16_text), (4 bytes).
    Removing main.o(.revsh_text), (4 bytes).
    Removing main.o(.rrx_text), (6 bytes).
    Removing stm32f4xx_it.o(.rev16_text), (4 bytes).
    Removing stm32f4xx_it.o(.revsh_text), (4 bytes).
    Removing stm32f4xx_it.o(.rrx_text), (6 bytes).
    Removing misc.o(.rev16_text), (4 bytes).
    Removing misc.o(.revsh_text), (4 bytes).
    Removing misc.o(.rrx_text), (6 bytes).
    Removing stm32f4xx_adc.o(.rev16_text), (4 bytes).
    Removing stm32f4xx_adc.o(.revsh_text), (4 bytes).
    Removing stm32f4xx_adc.o(.rrx_text), (6 bytes).
    Removing stm32f4xx_adc.o(.text), (1124 bytes).
    Removing stm32f4xx_can.o(.rev16_text), (4 bytes).
    Removing stm32f4xx_can.o(.revsh_text), (4 bytes).
    Removing stm32f4xx_can.o(.rrx_text), (6 bytes).
    Removing stm32f4xx_can.o(.text), (2544 bytes).
    Removing stm32f4xx_crc.o(.rev16_text), (4 bytes).
    Removing stm32f4xx_crc.o(.revsh_text), (4 bytes).
    Removing stm32f4xx_crc.o(.rrx_text), (6 bytes).
    Removing stm32f4xx_crc.o(.text), (72 bytes).
    Removing stm32f4xx_cryp.o(.rev16_text), (4 bytes).
    Removing stm32f4xx_cryp.o(.revsh_text), (4 bytes).
    Removing stm32f4xx_cryp.o(.rrx_text), (6 bytes).
    Removing stm32f4xx_cryp.o(.text), (660 bytes).
    Removing stm32f4xx_cryp_aes.o(.rev16_text), (4 bytes).
    Removing stm32f4xx_cryp_aes.o(.revsh_text), (4 bytes).
    Removing stm32f4xx_cryp_aes.o(.rrx_text), (6 bytes).
    Removing stm32f4xx_cryp_aes.o(.text), (1524 bytes).
    Removing stm32f4xx_cryp_des.o(.rev16_text), (4 bytes).
    Removing stm32f4xx_cryp_des.o(.revsh_text), (4 bytes).
    Removing stm32f4xx_cryp_des.o(.rrx_text), (6 bytes).
    Removing stm32f4xx_cryp_des.o(.text), (468 bytes).
    Removing stm32f4xx_cryp_tdes.o(.rev16_text), (4 bytes).
    Removing stm32f4xx_cryp_tdes.o(.revsh_text), (4 bytes).
    Removing stm32f4xx_cryp_tdes.o(.rrx_text), (6 bytes).
    Removing stm32f4xx_cryp_tdes.o(.text), (532 bytes).
    Removing stm32f4xx_dac.o(.rev16_text), (4 bytes).
    Removing stm32f4xx_dac.o(.revsh_text), (4 bytes).
    Removing stm32f4xx_dac.o(.rrx_text), (6 bytes).
    Removing stm32f4xx_dac.o(.text), (528 bytes).
    Removing stm32f4xx_dbgmcu.o(.rev16_text), (4 bytes).
    Removing stm32f4xx_dbgmcu.o(.revsh_text), (4 bytes).
    Removing stm32f4xx_dbgmcu.o(.rrx_text), (6 bytes).
    Removing stm32f4xx_dbgmcu.o(.text), (100 bytes).
    Removing stm32f4xx_dcmi.o(.rev16_text), (4 bytes).
    Removing stm32f4xx_dcmi.o(.revsh_text), (4 bytes).
    Removing stm32f4xx_dcmi.o(.rrx_text), (6 bytes).
    Removing stm32f4xx_dcmi.o(.text), (400 bytes).
    Removing stm32f4xx_dma.o(.rev16_text), (4 bytes).
    Removing stm32f4xx_dma.o(.revsh_text), (4 bytes).
    Removing stm32f4xx_dma.o(.rrx_text), (6 bytes).
    Removing stm32f4xx_dma.o(.text), (936 bytes).
    Removing stm32f4xx_exti.o(.rev16_text), (4 bytes).
    Removing stm32f4xx_exti.o(.revsh_text), (4 bytes).
    Removing stm32f4xx_exti.o(.rrx_text), (6 bytes).
    Removing stm32f4xx_flash.o(.rev16_text), (4 bytes).
    Removing stm32f4xx_flash.o(.revsh_text), (4 bytes).
    Removing stm32f4xx_flash.o(.rrx_text), (6 bytes).
    Removing stm32f4xx_flash.o(.text), (1212 bytes).
    Removing stm32f4xx_fsmc.o(.rev16_text), (4 bytes).
    Removing stm32f4xx_fsmc.o(.revsh_text), (4 bytes).
    Removing stm32f4xx_fsmc.o(.rrx_text), (6 bytes).
    Removing stm32f4xx_gpio.o(.rev16_text), (4 bytes).
    Removing stm32f4xx_gpio.o(.revsh_text), (4 bytes).
    Removing stm32f4xx_gpio.o(.rrx_text), (6 bytes).
    Removing stm32f4xx_hash.o(.rev16_text), (4 bytes).
    Removing stm32f4xx_hash.o(.revsh_text), (4 bytes).
    Removing stm32f4xx_hash.o(.rrx_text), (6 bytes).
    Removing stm32f4xx_hash.o(.text), (496 bytes).
    Removing stm32f4xx_hash_md5.o(.rev16_text), (4 bytes).
    Removing stm32f4xx_hash_md5.o(.revsh_text), (4 bytes).
    Removing stm32f4xx_hash_md5.o(.rrx_text), (6 bytes).
    Removing stm32f4xx_hash_md5.o(.text), (534 bytes).
    Removing stm32f4xx_hash_sha1.o(.rev16_text), (4 bytes).
    Removing stm32f4xx_hash_sha1.o(.revsh_text), (4 bytes).
    Removing stm32f4xx_hash_sha1.o(.rrx_text), (6 bytes).
    Removing stm32f4xx_hash_sha1.o(.text), (548 bytes).
    Removing stm32f4xx_i2c.o(.rev16_text), (4 bytes).
    Removing stm32f4xx_i2c.o(.revsh_text), (4 bytes).
    Removing stm32f4xx_i2c.o(.rrx_text), (6 bytes).
    Removing stm32f4xx_i2c.o(.text), (1064 bytes).
    Removing stm32f4xx_iwdg.o(.rev16_text), (4 bytes).
    Removing stm32f4xx_iwdg.o(.revsh_text), (4 bytes).
    Removing stm32f4xx_iwdg.o(.rrx_text), (6 bytes).
    Removing stm32f4xx_iwdg.o(.text), (64 bytes).
    Removing stm32f4xx_pwr.o(.rev16_text), (4 bytes).
    Removing stm32f4xx_pwr.o(.revsh_text), (4 bytes).
    Removing stm32f4xx_pwr.o(.rrx_text), (6 bytes).
    Removing stm32f4xx_pwr.o(.text), (248 bytes).
    Removing stm32f4xx_rcc.o(.rev16_text), (4 bytes).
    Removing stm32f4xx_rcc.o(.revsh_text), (4 bytes).
    Removing stm32f4xx_rcc.o(.rrx_text), (6 bytes).
    Removing stm32f4xx_rng.o(.rev16_text), (4 bytes).
    Removing stm32f4xx_rng.o(.revsh_text), (4 bytes).
    Removing stm32f4xx_rng.o(.rrx_text), (6 bytes).
    Removing stm32f4xx_rng.o(.text), (160 bytes).
    Removing stm32f4xx_rtc.o(.rev16_text), (4 bytes).
    Removing stm32f4xx_rtc.o(.revsh_text), (4 bytes).
    Removing stm32f4xx_rtc.o(.rrx_text), (6 bytes).
    Removing stm32f4xx_rtc.o(.text), (3376 bytes).
    Removing stm32f4xx_sdio.o(.rev16_text), (4 bytes).
    Removing stm32f4xx_sdio.o(.revsh_text), (4 bytes).
    Removing stm32f4xx_sdio.o(.rrx_text), (6 bytes).
    Removing stm32f4xx_sdio.o(.text), (476 bytes).
    Removing stm32f4xx_spi.o(.rev16_text), (4 bytes).
    Removing stm32f4xx_spi.o(.revsh_text), (4 bytes).
    Removing stm32f4xx_spi.o(.rrx_text), (6 bytes).
    Removing stm32f4xx_spi.o(.text), (1016 bytes).
    Removing stm32f4xx_syscfg.o(.rev16_text), (4 bytes).
    Removing stm32f4xx_syscfg.o(.revsh_text), (4 bytes).
    Removing stm32f4xx_syscfg.o(.rrx_text), (6 bytes).
    Removing stm32f4xx_syscfg.o(.text), (140 bytes).
    Removing stm32f4xx_tim.o(.rev16_text), (4 bytes).
    Removing stm32f4xx_tim.o(.revsh_text), (4 bytes).
    Removing stm32f4xx_tim.o(.rrx_text), (6 bytes).
    Removing stm32f4xx_tim.o(.text), (3234 bytes).
    Removing stm32f4xx_usart.o(.rev16_text), (4 bytes).
    Removing stm32f4xx_usart.o(.revsh_text), (4 bytes).
    Removing stm32f4xx_usart.o(.rrx_text), (6 bytes).
    Removing stm32f4xx_wwdg.o(.rev16_text), (4 bytes).
    Removing stm32f4xx_wwdg.o(.revsh_text), (4 bytes).
    Removing stm32f4xx_wwdg.o(.rrx_text), (6 bytes).
    Removing stm32f4xx_wwdg.o(.text), (144 bytes).
    Removing usart3.o(.rev16_text), (4 bytes).
    Removing usart3.o(.revsh_text), (4 bytes).
    Removing usart3.o(.rrx_text), (6 bytes).
    Removing delay.o(.rev16_text), (4 bytes).
    Removing delay.o(.revsh_text), (4 bytes).
    Removing delay.o(.rrx_text), (6 bytes).
    Removing mpu6050.o(.rev16_text), (4 bytes).
    Removing mpu6050.o(.revsh_text), (4 bytes).
    Removing mpu6050.o(.rrx_text), (6 bytes).
    Removing mpu6050.o(.text), (540 bytes).
    Removing mpu6050.o(.bss), (20 bytes).
    Removing mpu6050.o(.data), (2 bytes).
    Removing key.o(.rev16_text), (4 bytes).
    Removing key.o(.revsh_text), (4 bytes).
    Removing key.o(.rrx_text), (6 bytes).
    Removing mp3.o(.text), (112 bytes).
    Removing led.o(.rev16_text), (4 bytes).
    Removing led.o(.revsh_text), (4 bytes).
    Removing led.o(.rrx_text), (6 bytes).
    Removing wifi.o(.rev16_text), (4 bytes).
    Removing wifi.o(.revsh_text), (4 bytes).
    Removing wifi.o(.rrx_text), (6 bytes).
    Removing bh1750.o(.rev16_text), (4 bytes).
    Removing bh1750.o(.revsh_text), (4 bytes).
    Removing bh1750.o(.rrx_text), (6 bytes).
    Removing i2c.o(.rev16_text), (4 bytes).
    Removing i2c.o(.revsh_text), (4 bytes).
    Removing i2c.o(.rrx_text), (6 bytes).
    Removing mqtt.o(.rev16_text), (4 bytes).
    Removing mqtt.o(.revsh_text), (4 bytes).
    Removing mqtt.o(.rrx_text), (6 bytes).
    Removing beep.o(.rev16_text), (4 bytes).
    Removing beep.o(.revsh_text), (4 bytes).
    Removing beep.o(.rrx_text), (6 bytes).
    Removing lcd.o(.rev16_text), (4 bytes).
    Removing lcd.o(.revsh_text), (4 bytes).
    Removing lcd.o(.rrx_text), (6 bytes).
    Removing dflti.o(.text), (34 bytes).
    Removing f2d.o(.text), (38 bytes).
    Removing d2f.o(.text), (56 bytes).
    Removing fepilogue.o(.text), (110 bytes).

169 unused section(s) (total 23654 bytes) removed from the image.

==============================================================================

Image Symbol Table

    Local Symbols

    Symbol Name                              Value     Ov Type        Size  Object(Section)

    ../clib/microlib/division.c              0x00000000   Number         0  uidiv.o ABSOLUTE
    ../clib/microlib/division.c              0x00000000   Number         0  uldiv.o ABSOLUTE
    ../clib/microlib/init/entry.s            0x00000000   Number         0  entry5.o ABSOLUTE
    ../clib/microlib/init/entry.s            0x00000000   Number         0  entry9a.o ABSOLUTE
    ../clib/microlib/init/entry.s            0x00000000   Number         0  entry8b.o ABSOLUTE
    ../clib/microlib/init/entry.s            0x00000000   Number         0  entry2.o ABSOLUTE
    ../clib/microlib/init/entry.s            0x00000000   Number         0  entry8a.o ABSOLUTE
    ../clib/microlib/init/entry.s            0x00000000   Number         0  entry9b.o ABSOLUTE
    ../clib/microlib/init/entry.s            0x00000000   Number         0  entry7b.o ABSOLUTE
    ../clib/microlib/init/entry.s            0x00000000   Number         0  entry7a.o ABSOLUTE
    ../clib/microlib/init/entry.s            0x00000000   Number         0  entry.o ABSOLUTE
    ../clib/microlib/init/entry.s            0x00000000   Number         0  entry10a.o ABSOLUTE
    ../clib/microlib/init/entry.s            0x00000000   Number         0  entry11b.o ABSOLUTE
    ../clib/microlib/init/entry.s            0x00000000   Number         0  entry10b.o ABSOLUTE
    ../clib/microlib/init/entry.s            0x00000000   Number         0  entry11a.o ABSOLUTE
    ../clib/microlib/longlong.c              0x00000000   Number         0  llsshr.o ABSOLUTE
    ../clib/microlib/longlong.c              0x00000000   Number         0  llushr.o ABSOLUTE
    ../clib/microlib/longlong.c              0x00000000   Number         0  llshl.o ABSOLUTE
    ../clib/microlib/printf/printf.c         0x00000000   Number         0  printfb.o ABSOLUTE
    ../clib/microlib/printf/printf.c         0x00000000   Number         0  printf5.o ABSOLUTE
    ../clib/microlib/printf/printf.c         0x00000000   Number         0  printf6.o ABSOLUTE
    ../clib/microlib/printf/printf.c         0x00000000   Number         0  printf7.o ABSOLUTE
    ../clib/microlib/printf/printf.c         0x00000000   Number         0  printf4.o ABSOLUTE
    ../clib/microlib/printf/printf.c         0x00000000   Number         0  printf8.o ABSOLUTE
    ../clib/microlib/printf/printf.c         0x00000000   Number         0  printfa.o ABSOLUTE
    ../clib/microlib/printf/printf.c         0x00000000   Number         0  printf3.o ABSOLUTE
    ../clib/microlib/printf/printf.c         0x00000000   Number         0  printf2.o ABSOLUTE
    ../clib/microlib/printf/printf.c         0x00000000   Number         0  printf1.o ABSOLUTE
    ../clib/microlib/printf/printf.c         0x00000000   Number         0  printf0.o ABSOLUTE
    ../clib/microlib/printf/stubs.s          0x00000000   Number         0  stubs.o ABSOLUTE
    ../clib/microlib/stdio/streams.c         0x00000000   Number         0  stdout.o ABSOLUTE
    ../clib/microlib/string/memcpy.c         0x00000000   Number         0  memcpyb.o ABSOLUTE
    ../clib/microlib/string/memcpy.c         0x00000000   Number         0  memcpya.o ABSOLUTE
    ../clib/microlib/string/memset.c         0x00000000   Number         0  memseta.o ABSOLUTE
    ../clib/microlib/string/strlen.c         0x00000000   Number         0  strlen.o ABSOLUTE
    ../clib/microlib/string/strstr.c         0x00000000   Number         0  strstr.o ABSOLUTE
    ../clib/microlib/stubs.s                 0x00000000   Number         0  iusefp.o ABSOLUTE
    ../fplib/microlib/d2f.c                  0x00000000   Number         0  d2f.o ABSOLUTE
    ../fplib/microlib/f2d.c                  0x00000000   Number         0  f2d.o ABSOLUTE
    ../fplib/microlib/fpadd.c                0x00000000   Number         0  dadd.o ABSOLUTE
    ../fplib/microlib/fpdiv.c                0x00000000   Number         0  ddiv.o ABSOLUTE
    ../fplib/microlib/fpepilogue.c           0x00000000   Number         0  fepilogue.o ABSOLUTE
    ../fplib/microlib/fpepilogue.c           0x00000000   Number         0  depilogue.o ABSOLUTE
    ../fplib/microlib/fpfix.c                0x00000000   Number         0  dfixul.o ABSOLUTE
    ../fplib/microlib/fpflt.c                0x00000000   Number         0  dflti.o ABSOLUTE
    ../fplib/microlib/fpmul.c                0x00000000   Number         0  dmul.o ABSOLUTE
    ..\BaseDrive\BEEP.c                      0x00000000   Number         0  beep.o ABSOLUTE
    ..\BaseDrive\BH1750.c                    0x00000000   Number         0  bh1750.o ABSOLUTE
    ..\BaseDrive\I2C.c                       0x00000000   Number         0  i2c.o ABSOLUTE
    ..\BaseDrive\KEY.c                       0x00000000   Number         0  key.o ABSOLUTE
    ..\BaseDrive\LED.c                       0x00000000   Number         0  led.o ABSOLUTE
    ..\BaseDrive\MPU6050.c                   0x00000000   Number         0  mpu6050.o ABSOLUTE
    ..\BaseDrive\USART3.c                    0x00000000   Number         0  usart3.o ABSOLUTE
    ..\BaseDrive\WIFI.c                      0x00000000   Number         0  wifi.o ABSOLUTE
    ..\BaseDrive\delay.c                     0x00000000   Number         0  delay.o ABSOLUTE
    ..\BaseDrive\mp3.c                       0x00000000   Number         0  mp3.o ABSOLUTE
    ..\BaseDrive\mqtt.c                      0x00000000   Number         0  mqtt.o ABSOLUTE
    ..\ExternalDrive\lcd\lcd.c               0x00000000   Number         0  lcd.o ABSOLUTE
    ..\HMAC\utils_hmac.c                     0x00000000   Number         0  utils_hmac.o ABSOLUTE
    ..\HMAC\utils_md5.c                      0x00000000   Number         0  utils_md5.o ABSOLUTE
    ..\HMAC\utils_sha1.c                     0x00000000   Number         0  utils_sha1.o ABSOLUTE
    ..\Libraries\CMSIS\Device\ST\STM32F4xx\Source\Templates\arm\startup_stm32f4xx.s 0x00000000   Number         0  startup_stm32f4xx.o ABSOLUTE
    ..\Libraries\CMSIS\Device\ST\STM32F4xx\Source\Templates\system_stm32f4xx.c 0x00000000   Number         0  system_stm32f4xx.o ABSOLUTE
    ..\Libraries\STM32F4xx_StdPeriph_Driver\src\misc.c 0x00000000   Number         0  misc.o ABSOLUTE
    ..\Libraries\STM32F4xx_StdPeriph_Driver\src\stm32f4xx_adc.c 0x00000000   Number         0  stm32f4xx_adc.o ABSOLUTE
    ..\Libraries\STM32F4xx_StdPeriph_Driver\src\stm32f4xx_can.c 0x00000000   Number         0  stm32f4xx_can.o ABSOLUTE
    ..\Libraries\STM32F4xx_StdPeriph_Driver\src\stm32f4xx_crc.c 0x00000000   Number         0  stm32f4xx_crc.o ABSOLUTE
    ..\Libraries\STM32F4xx_StdPeriph_Driver\src\stm32f4xx_cryp.c 0x00000000   Number         0  stm32f4xx_cryp.o ABSOLUTE
    ..\Libraries\STM32F4xx_StdPeriph_Driver\src\stm32f4xx_cryp_aes.c 0x00000000   Number         0  stm32f4xx_cryp_aes.o ABSOLUTE
    ..\Libraries\STM32F4xx_StdPeriph_Driver\src\stm32f4xx_cryp_des.c 0x00000000   Number         0  stm32f4xx_cryp_des.o ABSOLUTE
    ..\Libraries\STM32F4xx_StdPeriph_Driver\src\stm32f4xx_cryp_tdes.c 0x00000000   Number         0  stm32f4xx_cryp_tdes.o ABSOLUTE
    ..\Libraries\STM32F4xx_StdPeriph_Driver\src\stm32f4xx_dac.c 0x00000000   Number         0  stm32f4xx_dac.o ABSOLUTE
    ..\Libraries\STM32F4xx_StdPeriph_Driver\src\stm32f4xx_dbgmcu.c 0x00000000   Number         0  stm32f4xx_dbgmcu.o ABSOLUTE
    ..\Libraries\STM32F4xx_StdPeriph_Driver\src\stm32f4xx_dcmi.c 0x00000000   Number         0  stm32f4xx_dcmi.o ABSOLUTE
    ..\Libraries\STM32F4xx_StdPeriph_Driver\src\stm32f4xx_dma.c 0x00000000   Number         0  stm32f4xx_dma.o ABSOLUTE
    ..\Libraries\STM32F4xx_StdPeriph_Driver\src\stm32f4xx_exti.c 0x00000000   Number         0  stm32f4xx_exti.o ABSOLUTE
    ..\Libraries\STM32F4xx_StdPeriph_Driver\src\stm32f4xx_flash.c 0x00000000   Number         0  stm32f4xx_flash.o ABSOLUTE
    ..\Libraries\STM32F4xx_StdPeriph_Driver\src\stm32f4xx_fsmc.c 0x00000000   Number         0  stm32f4xx_fsmc.o ABSOLUTE
    ..\Libraries\STM32F4xx_StdPeriph_Driver\src\stm32f4xx_gpio.c 0x00000000   Number         0  stm32f4xx_gpio.o ABSOLUTE
    ..\Libraries\STM32F4xx_StdPeriph_Driver\src\stm32f4xx_hash.c 0x00000000   Number         0  stm32f4xx_hash.o ABSOLUTE
    ..\Libraries\STM32F4xx_StdPeriph_Driver\src\stm32f4xx_hash_md5.c 0x00000000   Number         0  stm32f4xx_hash_md5.o ABSOLUTE
    ..\Libraries\STM32F4xx_StdPeriph_Driver\src\stm32f4xx_hash_sha1.c 0x00000000   Number         0  stm32f4xx_hash_sha1.o ABSOLUTE
    ..\Libraries\STM32F4xx_StdPeriph_Driver\src\stm32f4xx_i2c.c 0x00000000   Number         0  stm32f4xx_i2c.o ABSOLUTE
    ..\Libraries\STM32F4xx_StdPeriph_Driver\src\stm32f4xx_iwdg.c 0x00000000   Number         0  stm32f4xx_iwdg.o ABSOLUTE
    ..\Libraries\STM32F4xx_StdPeriph_Driver\src\stm32f4xx_pwr.c 0x00000000   Number         0  stm32f4xx_pwr.o ABSOLUTE
    ..\Libraries\STM32F4xx_StdPeriph_Driver\src\stm32f4xx_rcc.c 0x00000000   Number         0  stm32f4xx_rcc.o ABSOLUTE
    ..\Libraries\STM32F4xx_StdPeriph_Driver\src\stm32f4xx_rng.c 0x00000000   Number         0  stm32f4xx_rng.o ABSOLUTE
    ..\Libraries\STM32F4xx_StdPeriph_Driver\src\stm32f4xx_rtc.c 0x00000000   Number         0  stm32f4xx_rtc.o ABSOLUTE
    ..\Libraries\STM32F4xx_StdPeriph_Driver\src\stm32f4xx_sdio.c 0x00000000   Number         0  stm32f4xx_sdio.o ABSOLUTE
    ..\Libraries\STM32F4xx_StdPeriph_Driver\src\stm32f4xx_spi.c 0x00000000   Number         0  stm32f4xx_spi.o ABSOLUTE
    ..\Libraries\STM32F4xx_StdPeriph_Driver\src\stm32f4xx_syscfg.c 0x00000000   Number         0  stm32f4xx_syscfg.o ABSOLUTE
    ..\Libraries\STM32F4xx_StdPeriph_Driver\src\stm32f4xx_tim.c 0x00000000   Number         0  stm32f4xx_tim.o ABSOLUTE
    ..\Libraries\STM32F4xx_StdPeriph_Driver\src\stm32f4xx_usart.c 0x00000000   Number         0  stm32f4xx_usart.o ABSOLUTE
    ..\Libraries\STM32F4xx_StdPeriph_Driver\src\stm32f4xx_wwdg.c 0x00000000   Number         0  stm32f4xx_wwdg.o ABSOLUTE
    ..\User\main.c                           0x00000000   Number         0  main.o ABSOLUTE
    ..\User\stm32f4xx_it.c                   0x00000000   Number         0  stm32f4xx_it.o ABSOLUTE
    ..\\BaseDrive\\BEEP.c                    0x00000000   Number         0  beep.o ABSOLUTE
    ..\\BaseDrive\\BH1750.c                  0x00000000   Number         0  bh1750.o ABSOLUTE
    ..\\BaseDrive\\I2C.c                     0x00000000   Number         0  i2c.o ABSOLUTE
    ..\\BaseDrive\\KEY.c                     0x00000000   Number         0  key.o ABSOLUTE
    ..\\BaseDrive\\LED.c                     0x00000000   Number         0  led.o ABSOLUTE
    ..\\BaseDrive\\MPU6050.c                 0x00000000   Number         0  mpu6050.o ABSOLUTE
    ..\\BaseDrive\\USART3.c                  0x00000000   Number         0  usart3.o ABSOLUTE
    ..\\BaseDrive\\WIFI.c                    0x00000000   Number         0  wifi.o ABSOLUTE
    ..\\BaseDrive\\delay.c                   0x00000000   Number         0  delay.o ABSOLUTE
    ..\\BaseDrive\\mqtt.c                    0x00000000   Number         0  mqtt.o ABSOLUTE
    ..\\ExternalDrive\\lcd\\lcd.c            0x00000000   Number         0  lcd.o ABSOLUTE
    ..\\Libraries\\CMSIS\\Device\\ST\\STM32F4xx\\Source\\Templates\\system_stm32f4xx.c 0x00000000   Number         0  system_stm32f4xx.o ABSOLUTE
    ..\\Libraries\\STM32F4xx_StdPeriph_Driver\\src\\misc.c 0x00000000   Number         0  misc.o ABSOLUTE
    ..\\Libraries\\STM32F4xx_StdPeriph_Driver\\src\\stm32f4xx_adc.c 0x00000000   Number         0  stm32f4xx_adc.o ABSOLUTE
    ..\\Libraries\\STM32F4xx_StdPeriph_Driver\\src\\stm32f4xx_can.c 0x00000000   Number         0  stm32f4xx_can.o ABSOLUTE
    ..\\Libraries\\STM32F4xx_StdPeriph_Driver\\src\\stm32f4xx_crc.c 0x00000000   Number         0  stm32f4xx_crc.o ABSOLUTE
    ..\\Libraries\\STM32F4xx_StdPeriph_Driver\\src\\stm32f4xx_cryp.c 0x00000000   Number         0  stm32f4xx_cryp.o ABSOLUTE
    ..\\Libraries\\STM32F4xx_StdPeriph_Driver\\src\\stm32f4xx_cryp_aes.c 0x00000000   Number         0  stm32f4xx_cryp_aes.o ABSOLUTE
    ..\\Libraries\\STM32F4xx_StdPeriph_Driver\\src\\stm32f4xx_cryp_des.c 0x00000000   Number         0  stm32f4xx_cryp_des.o ABSOLUTE
    ..\\Libraries\\STM32F4xx_StdPeriph_Driver\\src\\stm32f4xx_cryp_tdes.c 0x00000000   Number         0  stm32f4xx_cryp_tdes.o ABSOLUTE
    ..\\Libraries\\STM32F4xx_StdPeriph_Driver\\src\\stm32f4xx_dac.c 0x00000000   Number         0  stm32f4xx_dac.o ABSOLUTE
    ..\\Libraries\\STM32F4xx_StdPeriph_Driver\\src\\stm32f4xx_dbgmcu.c 0x00000000   Number         0  stm32f4xx_dbgmcu.o ABSOLUTE
    ..\\Libraries\\STM32F4xx_StdPeriph_Driver\\src\\stm32f4xx_dcmi.c 0x00000000   Number         0  stm32f4xx_dcmi.o ABSOLUTE
    ..\\Libraries\\STM32F4xx_StdPeriph_Driver\\src\\stm32f4xx_dma.c 0x00000000   Number         0  stm32f4xx_dma.o ABSOLUTE
    ..\\Libraries\\STM32F4xx_StdPeriph_Driver\\src\\stm32f4xx_exti.c 0x00000000   Number         0  stm32f4xx_exti.o ABSOLUTE
    ..\\Libraries\\STM32F4xx_StdPeriph_Driver\\src\\stm32f4xx_flash.c 0x00000000   Number         0  stm32f4xx_flash.o ABSOLUTE
    ..\\Libraries\\STM32F4xx_StdPeriph_Driver\\src\\stm32f4xx_fsmc.c 0x00000000   Number         0  stm32f4xx_fsmc.o ABSOLUTE
    ..\\Libraries\\STM32F4xx_StdPeriph_Driver\\src\\stm32f4xx_gpio.c 0x00000000   Number         0  stm32f4xx_gpio.o ABSOLUTE
    ..\\Libraries\\STM32F4xx_StdPeriph_Driver\\src\\stm32f4xx_hash.c 0x00000000   Number         0  stm32f4xx_hash.o ABSOLUTE
    ..\\Libraries\\STM32F4xx_StdPeriph_Driver\\src\\stm32f4xx_hash_md5.c 0x00000000   Number         0  stm32f4xx_hash_md5.o ABSOLUTE
    ..\\Libraries\\STM32F4xx_StdPeriph_Driver\\src\\stm32f4xx_hash_sha1.c 0x00000000   Number         0  stm32f4xx_hash_sha1.o ABSOLUTE
    ..\\Libraries\\STM32F4xx_StdPeriph_Driver\\src\\stm32f4xx_i2c.c 0x00000000   Number         0  stm32f4xx_i2c.o ABSOLUTE
    ..\\Libraries\\STM32F4xx_StdPeriph_Driver\\src\\stm32f4xx_iwdg.c 0x00000000   Number         0  stm32f4xx_iwdg.o ABSOLUTE
    ..\\Libraries\\STM32F4xx_StdPeriph_Driver\\src\\stm32f4xx_pwr.c 0x00000000   Number         0  stm32f4xx_pwr.o ABSOLUTE
    ..\\Libraries\\STM32F4xx_StdPeriph_Driver\\src\\stm32f4xx_rcc.c 0x00000000   Number         0  stm32f4xx_rcc.o ABSOLUTE
    ..\\Libraries\\STM32F4xx_StdPeriph_Driver\\src\\stm32f4xx_rng.c 0x00000000   Number         0  stm32f4xx_rng.o ABSOLUTE
    ..\\Libraries\\STM32F4xx_StdPeriph_Driver\\src\\stm32f4xx_rtc.c 0x00000000   Number         0  stm32f4xx_rtc.o ABSOLUTE
    ..\\Libraries\\STM32F4xx_StdPeriph_Driver\\src\\stm32f4xx_sdio.c 0x00000000   Number         0  stm32f4xx_sdio.o ABSOLUTE
    ..\\Libraries\\STM32F4xx_StdPeriph_Driver\\src\\stm32f4xx_spi.c 0x00000000   Number         0  stm32f4xx_spi.o ABSOLUTE
    ..\\Libraries\\STM32F4xx_StdPeriph_Driver\\src\\stm32f4xx_syscfg.c 0x00000000   Number         0  stm32f4xx_syscfg.o ABSOLUTE
    ..\\Libraries\\STM32F4xx_StdPeriph_Driver\\src\\stm32f4xx_tim.c 0x00000000   Number         0  stm32f4xx_tim.o ABSOLUTE
    ..\\Libraries\\STM32F4xx_StdPeriph_Driver\\src\\stm32f4xx_usart.c 0x00000000   Number         0  stm32f4xx_usart.o ABSOLUTE
    ..\\Libraries\\STM32F4xx_StdPeriph_Driver\\src\\stm32f4xx_wwdg.c 0x00000000   Number         0  stm32f4xx_wwdg.o ABSOLUTE
    ..\\User\\main.c                         0x00000000   Number         0  main.o ABSOLUTE
    ..\\User\\stm32f4xx_it.c                 0x00000000   Number         0  stm32f4xx_it.o ABSOLUTE
    cdrcmple.s                               0x00000000   Number         0  cdrcmple.o ABSOLUTE
    dc.s                                     0x00000000   Number         0  dc.o ABSOLUTE
    handlers.s                               0x00000000   Number         0  handlers.o ABSOLUTE
    init.s                                   0x00000000   Number         0  init.o ABSOLUTE
    RESET                                    0x08000000   Section      392  startup_stm32f4xx.o(RESET)
    .ARM.Collect$$$$00000000                 0x08000188   Section        0  entry.o(.ARM.Collect$$$$00000000)
    .ARM.Collect$$$$00000001                 0x08000188   Section        4  entry2.o(.ARM.Collect$$$$00000001)
    .ARM.Collect$$$$00000004                 0x0800018c   Section        4  entry5.o(.ARM.Collect$$$$00000004)
    .ARM.Collect$$$$00000008                 0x08000190   Section        0  entry7b.o(.ARM.Collect$$$$00000008)
    .ARM.Collect$$$$0000000A                 0x08000190   Section        0  entry8b.o(.ARM.Collect$$$$0000000A)
    .ARM.Collect$$$$0000000B                 0x08000190   Section        8  entry9a.o(.ARM.Collect$$$$0000000B)
    .ARM.Collect$$$$0000000D                 0x08000198   Section        0  entry10a.o(.ARM.Collect$$$$0000000D)
    .ARM.Collect$$$$0000000F                 0x08000198   Section        0  entry11a.o(.ARM.Collect$$$$0000000F)
    .ARM.Collect$$$$00002712                 0x08000198   Section        4  entry2.o(.ARM.Collect$$$$00002712)
    __lit__00000000                          0x08000198   Data           4  entry2.o(.ARM.Collect$$$$00002712)
    .text                                    0x0800019c   Section        0  system_stm32f4xx.o(.text)
    SetSysClock                              0x0800019d   Thumb Code   220  system_stm32f4xx.o(.text)
    .text                                    0x080003ac   Section       36  startup_stm32f4xx.o(.text)
    $v0                                      0x080003ac   Number         0  startup_stm32f4xx.o(.text)
    .text                                    0x080003d0   Section        0  main.o(.text)
    .text                                    0x08000acc   Section        0  stm32f4xx_it.o(.text)
    .text                                    0x08000d28   Section        0  misc.o(.text)
    .text                                    0x08000e08   Section        0  stm32f4xx_exti.o(.text)
    .text                                    0x08000f24   Section        0  stm32f4xx_fsmc.o(.text)
    .text                                    0x0800152c   Section        0  stm32f4xx_gpio.o(.text)
    .text                                    0x08001788   Section        0  stm32f4xx_rcc.o(.text)
    .text                                    0x08001d10   Section        0  stm32f4xx_usart.o(.text)
    .text                                    0x0800212c   Section        0  usart3.o(.text)
    .text                                    0x08002454   Section        0  delay.o(.text)
    .text                                    0x080024fc   Section        0  key.o(.text)
    .text                                    0x080025ec   Section        0  led.o(.text)
    .text                                    0x08002660   Section        0  wifi.o(.text)
    .text                                    0x08003014   Section        0  bh1750.o(.text)
    .text                                    0x08003090   Section        0  i2c.o(.text)
    .text                                    0x08003310   Section        0  mqtt.o(.text)
    .text                                    0x08003ab8   Section        0  beep.o(.text)
    .text                                    0x08003af8   Section        0  lcd.o(.text)
    .text                                    0x08005440   Section        0  utils_hmac.o(.text)
    .text                                    0x0800571c   Section        0  utils_md5.o(.text)
    _utils_md5_zeroize                       0x0800571d   Thumb Code    22  utils_md5.o(.text)
    .text                                    0x08006230   Section        0  utils_sha1.o(.text)
    utils_sha1_zeroize                       0x08006231   Thumb Code    22  utils_sha1.o(.text)
    .text                                    0x08007d5c   Section        0  memcpya.o(.text)
    .text                                    0x08007d80   Section        0  memseta.o(.text)
    .text                                    0x08007da4   Section        0  strstr.o(.text)
    .text                                    0x08007dc8   Section        0  strlen.o(.text)
    .text                                    0x08007dd6   Section        0  dadd.o(.text)
    .text                                    0x08007f24   Section        0  dmul.o(.text)
    .text                                    0x08008008   Section        0  ddiv.o(.text)
    .text                                    0x080080e6   Section        0  uidiv.o(.text)
    .text                                    0x08008112   Section        0  uldiv.o(.text)
    .text                                    0x08008174   Section        0  llshl.o(.text)
    .text                                    0x08008192   Section        0  llsshr.o(.text)
    .text                                    0x080081b6   Section        0  depilogue.o(.text)
    .text                                    0x080081b6   Section        0  iusefp.o(.text)
    .text                                    0x08008270   Section        0  dfixul.o(.text)
    .text                                    0x080082a0   Section       48  cdrcmple.o(.text)
    .text                                    0x080082d0   Section       36  init.o(.text)
    .text                                    0x080082f4   Section        0  llushr.o(.text)
    i.__0printf                              0x08008314   Section        0  printfa.o(i.__0printf)
    i.__0sprintf                             0x08008334   Section        0  printfa.o(i.__0sprintf)
    i.__scatterload_copy                     0x0800835c   Section       14  handlers.o(i.__scatterload_copy)
    i.__scatterload_null                     0x0800836a   Section        2  handlers.o(i.__scatterload_null)
    i.__scatterload_zeroinit                 0x0800836c   Section       14  handlers.o(i.__scatterload_zeroinit)
    i._fp_digits                             0x0800837c   Section        0  printfa.o(i._fp_digits)
    _fp_digits                               0x0800837d   Thumb Code   334  printfa.o(i._fp_digits)
    i._printf_core                           0x080084e0   Section        0  printfa.o(i._printf_core)
    _printf_core                             0x080084e1   Thumb Code  1744  printfa.o(i._printf_core)
    i._printf_post_padding                   0x08008bbc   Section        0  printfa.o(i._printf_post_padding)
    _printf_post_padding                     0x08008bbd   Thumb Code    36  printfa.o(i._printf_post_padding)
    i._printf_pre_padding                    0x08008be0   Section        0  printfa.o(i._printf_pre_padding)
    _printf_pre_padding                      0x08008be1   Thumb Code    46  printfa.o(i._printf_pre_padding)
    i._sputc                                 0x08008c0e   Section        0  printfa.o(i._sputc)
    _sputc                                   0x08008c0f   Thumb Code    10  printfa.o(i._sputc)
    .constdata                               0x08008c18   Section    273696  lcd.o(.constdata)
    .constdata                               0x0804b938   Section       64  utils_md5.o(.constdata)
    iot_md5_padding                          0x0804b938   Data          64  utils_md5.o(.constdata)
    .constdata                               0x0804b978   Section       64  utils_sha1.o(.constdata)
    iot_sha1_padding                         0x0804b978   Data          64  utils_sha1.o(.constdata)
    .conststring                             0x0804b9b8   Section       65  utils_hmac.o(.conststring)
    .data                                    0x20000000   Section       20  system_stm32f4xx.o(.data)
    .data                                    0x20000014   Section       16  main.o(.data)
    .data                                    0x20000024   Section        4  stm32f4xx_it.o(.data)
    cnt                                      0x20000024   Data           4  stm32f4xx_it.o(.data)
    .data                                    0x20000028   Section       16  stm32f4xx_rcc.o(.data)
    APBAHBPrescTable                         0x20000028   Data          16  stm32f4xx_rcc.o(.data)
    .data                                    0x20000038   Section       14  usart3.o(.data)
    .data                                    0x20000048   Section        4  delay.o(.data)
    .data                                    0x2000004c   Section        1  wifi.o(.data)
    .data                                    0x20000050   Section       68  mqtt.o(.data)
    .data                                    0x20000094   Section        4  lcd.o(.data)
    i                                        0x20000094   Data           2  lcd.o(.data)
    j                                        0x20000096   Data           2  lcd.o(.data)
    .data                                    0x20000098   Section        4  utils_hmac.o(.data)
    .data                                    0x2000009c   Section        4  stdout.o(.data)
    .bss                                     0x200000a0   Section      600  usart3.o(.bss)
    .bss                                     0x200002f8   Section     7412  mqtt.o(.bss)
    .bss                                     0x20001fec   Section       14  lcd.o(.bss)
    STACK                                    0x20002000   Section     1024  startup_stm32f4xx.o(STACK)

    Global Symbols

    Symbol Name                              Value     Ov Type        Size  Object(Section)

    BuildAttributes$$THM_ISAv4$E$P$D$K$B$S$7EM$VFPi3$EXTD16$VFPS$VFMA$PE$A:L22UL41UL21$X:L11$S22US41US21$IEEE1$IW$USESV6$~STKCKD$USESV7$~SHL$OTIME$ROPI$EBA8$MICROLIB$REQ8$PRES8$EABIv2 0x00000000   Number         0  anon$$obj.o ABSOLUTE
    __ARM_use_no_argv                        0x00000000   Number         0  main.o ABSOLUTE
    _printf_a                                0x00000000   Number         0  stubs.o ABSOLUTE
    _printf_c                                0x00000000   Number         0  stubs.o ABSOLUTE
    _printf_charcount                        0x00000000   Number         0  stubs.o ABSOLUTE
    _printf_d                                0x00000000   Number         0  stubs.o ABSOLUTE
    _printf_e                                0x00000000   Number         0  stubs.o ABSOLUTE
    _printf_f                                0x00000000   Number         0  stubs.o ABSOLUTE
    _printf_flags                            0x00000000   Number         0  stubs.o ABSOLUTE
    _printf_fp_dec                           0x00000000   Number         0  stubs.o ABSOLUTE
    _printf_fp_hex                           0x00000000   Number         0  stubs.o ABSOLUTE
    _printf_g                                0x00000000   Number         0  stubs.o ABSOLUTE
    _printf_i                                0x00000000   Number         0  stubs.o ABSOLUTE
    _printf_int_dec                          0x00000000   Number         0  stubs.o ABSOLUTE
    _printf_l                                0x00000000   Number         0  stubs.o ABSOLUTE
    _printf_lc                               0x00000000   Number         0  stubs.o ABSOLUTE
    _printf_ll                               0x00000000   Number         0  stubs.o ABSOLUTE
    _printf_lld                              0x00000000   Number         0  stubs.o ABSOLUTE
    _printf_lli                              0x00000000   Number         0  stubs.o ABSOLUTE
    _printf_llo                              0x00000000   Number         0  stubs.o ABSOLUTE
    _printf_llu                              0x00000000   Number         0  stubs.o ABSOLUTE
    _printf_llx                              0x00000000   Number         0  stubs.o ABSOLUTE
    _printf_longlong_dec                     0x00000000   Number         0  stubs.o ABSOLUTE
    _printf_longlong_hex                     0x00000000   Number         0  stubs.o ABSOLUTE
    _printf_longlong_oct                     0x00000000   Number         0  stubs.o ABSOLUTE
    _printf_ls                               0x00000000   Number         0  stubs.o ABSOLUTE
    _printf_mbtowc                           0x00000000   Number         0  stubs.o ABSOLUTE
    _printf_n                                0x00000000   Number         0  stubs.o ABSOLUTE
    _printf_o                                0x00000000   Number         0  stubs.o ABSOLUTE
    _printf_p                                0x00000000   Number         0  stubs.o ABSOLUTE
    _printf_percent                          0x00000000   Number         0  stubs.o ABSOLUTE
    _printf_pre_padding                      0x00000000   Number         0  stubs.o ABSOLUTE
    _printf_return_value                     0x00000000   Number         0  stubs.o ABSOLUTE
    _printf_s                                0x00000000   Number         0  stubs.o ABSOLUTE
    _printf_sizespec                         0x00000000   Number         0  stubs.o ABSOLUTE
    _printf_str                              0x00000000   Number         0  stubs.o ABSOLUTE
    _printf_truncate_signed                  0x00000000   Number         0  stubs.o ABSOLUTE
    _printf_truncate_unsigned                0x00000000   Number         0  stubs.o ABSOLUTE
    _printf_u                                0x00000000   Number         0  stubs.o ABSOLUTE
    _printf_wc                               0x00000000   Number         0  stubs.o ABSOLUTE
    _printf_wctomb                           0x00000000   Number         0  stubs.o ABSOLUTE
    _printf_widthprec                        0x00000000   Number         0  stubs.o ABSOLUTE
    _printf_x                                0x00000000   Number         0  stubs.o ABSOLUTE
    __cpp_initialize__aeabi_                  - Undefined Weak Reference
    __cxa_finalize                            - Undefined Weak Reference
    __decompress                              - Undefined Weak Reference
    _clock_init                               - Undefined Weak Reference
    _microlib_exit                            - Undefined Weak Reference
    __Vectors_Size                           0x00000188   Number         0  startup_stm32f4xx.o ABSOLUTE
    __Vectors                                0x08000000   Data           4  startup_stm32f4xx.o(RESET)
    __Vectors_End                            0x08000188   Data           0  startup_stm32f4xx.o(RESET)
    __main                                   0x08000189   Thumb Code     0  entry.o(.ARM.Collect$$$$00000000)
    _main_stk                                0x08000189   Thumb Code     0  entry2.o(.ARM.Collect$$$$00000001)
    _main_scatterload                        0x0800018d   Thumb Code     0  entry5.o(.ARM.Collect$$$$00000004)
    __main_after_scatterload                 0x08000191   Thumb Code     0  entry5.o(.ARM.Collect$$$$00000004)
    _main_clock                              0x08000191   Thumb Code     0  entry7b.o(.ARM.Collect$$$$00000008)
    _main_cpp_init                           0x08000191   Thumb Code     0  entry8b.o(.ARM.Collect$$$$0000000A)
    _main_init                               0x08000191   Thumb Code     0  entry9a.o(.ARM.Collect$$$$0000000B)
    __rt_final_cpp                           0x08000199   Thumb Code     0  entry10a.o(.ARM.Collect$$$$0000000D)
    __rt_final_exit                          0x08000199   Thumb Code     0  entry11a.o(.ARM.Collect$$$$0000000F)
    SystemInit                               0x08000279   Thumb Code    88  system_stm32f4xx.o(.text)
    SystemCoreClockUpdate                    0x080002d1   Thumb Code   174  system_stm32f4xx.o(.text)
    Reset_Handler                            0x080003ad   Thumb Code     8  startup_stm32f4xx.o(.text)
    ADC_IRQHandler                           0x080003c7   Thumb Code     0  startup_stm32f4xx.o(.text)
    CAN1_RX0_IRQHandler                      0x080003c7   Thumb Code     0  startup_stm32f4xx.o(.text)
    CAN1_RX1_IRQHandler                      0x080003c7   Thumb Code     0  startup_stm32f4xx.o(.text)
    CAN1_SCE_IRQHandler                      0x080003c7   Thumb Code     0  startup_stm32f4xx.o(.text)
    CAN1_TX_IRQHandler                       0x080003c7   Thumb Code     0  startup_stm32f4xx.o(.text)
    CAN2_RX0_IRQHandler                      0x080003c7   Thumb Code     0  startup_stm32f4xx.o(.text)
    CAN2_RX1_IRQHandler                      0x080003c7   Thumb Code     0  startup_stm32f4xx.o(.text)
    CAN2_SCE_IRQHandler                      0x080003c7   Thumb Code     0  startup_stm32f4xx.o(.text)
    CAN2_TX_IRQHandler                       0x080003c7   Thumb Code     0  startup_stm32f4xx.o(.text)
    CRYP_IRQHandler                          0x080003c7   Thumb Code     0  startup_stm32f4xx.o(.text)
    DCMI_IRQHandler                          0x080003c7   Thumb Code     0  startup_stm32f4xx.o(.text)
    DMA1_Stream0_IRQHandler                  0x080003c7   Thumb Code     0  startup_stm32f4xx.o(.text)
    DMA1_Stream1_IRQHandler                  0x080003c7   Thumb Code     0  startup_stm32f4xx.o(.text)
    DMA1_Stream2_IRQHandler                  0x080003c7   Thumb Code     0  startup_stm32f4xx.o(.text)
    DMA1_Stream3_IRQHandler                  0x080003c7   Thumb Code     0  startup_stm32f4xx.o(.text)
    DMA1_Stream4_IRQHandler                  0x080003c7   Thumb Code     0  startup_stm32f4xx.o(.text)
    DMA1_Stream5_IRQHandler                  0x080003c7   Thumb Code     0  startup_stm32f4xx.o(.text)
    DMA1_Stream6_IRQHandler                  0x080003c7   Thumb Code     0  startup_stm32f4xx.o(.text)
    DMA1_Stream7_IRQHandler                  0x080003c7   Thumb Code     0  startup_stm32f4xx.o(.text)
    DMA2_Stream0_IRQHandler                  0x080003c7   Thumb Code     0  startup_stm32f4xx.o(.text)
    DMA2_Stream1_IRQHandler                  0x080003c7   Thumb Code     0  startup_stm32f4xx.o(.text)
    DMA2_Stream2_IRQHandler                  0x080003c7   Thumb Code     0  startup_stm32f4xx.o(.text)
    DMA2_Stream3_IRQHandler                  0x080003c7   Thumb Code     0  startup_stm32f4xx.o(.text)
    DMA2_Stream4_IRQHandler                  0x080003c7   Thumb Code     0  startup_stm32f4xx.o(.text)
    DMA2_Stream5_IRQHandler                  0x080003c7   Thumb Code     0  startup_stm32f4xx.o(.text)
    DMA2_Stream6_IRQHandler                  0x080003c7   Thumb Code     0  startup_stm32f4xx.o(.text)
    DMA2_Stream7_IRQHandler                  0x080003c7   Thumb Code     0  startup_stm32f4xx.o(.text)
    ETH_IRQHandler                           0x080003c7   Thumb Code     0  startup_stm32f4xx.o(.text)
    ETH_WKUP_IRQHandler                      0x080003c7   Thumb Code     0  startup_stm32f4xx.o(.text)
    EXTI15_10_IRQHandler                     0x080003c7   Thumb Code     0  startup_stm32f4xx.o(.text)
    EXTI2_IRQHandler                         0x080003c7   Thumb Code     0  startup_stm32f4xx.o(.text)
    EXTI3_IRQHandler                         0x080003c7   Thumb Code     0  startup_stm32f4xx.o(.text)
    EXTI4_IRQHandler                         0x080003c7   Thumb Code     0  startup_stm32f4xx.o(.text)
    EXTI9_5_IRQHandler                       0x080003c7   Thumb Code     0  startup_stm32f4xx.o(.text)
    FLASH_IRQHandler                         0x080003c7   Thumb Code     0  startup_stm32f4xx.o(.text)
    FPU_IRQHandler                           0x080003c7   Thumb Code     0  startup_stm32f4xx.o(.text)
    FSMC_IRQHandler                          0x080003c7   Thumb Code     0  startup_stm32f4xx.o(.text)
    HASH_RNG_IRQHandler                      0x080003c7   Thumb Code     0  startup_stm32f4xx.o(.text)
    I2C1_ER_IRQHandler                       0x080003c7   Thumb Code     0  startup_stm32f4xx.o(.text)
    I2C1_EV_IRQHandler                       0x080003c7   Thumb Code     0  startup_stm32f4xx.o(.text)
    I2C2_ER_IRQHandler                       0x080003c7   Thumb Code     0  startup_stm32f4xx.o(.text)
    I2C2_EV_IRQHandler                       0x080003c7   Thumb Code     0  startup_stm32f4xx.o(.text)
    I2C3_ER_IRQHandler                       0x080003c7   Thumb Code     0  startup_stm32f4xx.o(.text)
    I2C3_EV_IRQHandler                       0x080003c7   Thumb Code     0  startup_stm32f4xx.o(.text)
    OTG_FS_IRQHandler                        0x080003c7   Thumb Code     0  startup_stm32f4xx.o(.text)
    OTG_FS_WKUP_IRQHandler                   0x080003c7   Thumb Code     0  startup_stm32f4xx.o(.text)
    OTG_HS_EP1_IN_IRQHandler                 0x080003c7   Thumb Code     0  startup_stm32f4xx.o(.text)
    OTG_HS_EP1_OUT_IRQHandler                0x080003c7   Thumb Code     0  startup_stm32f4xx.o(.text)
    OTG_HS_IRQHandler                        0x080003c7   Thumb Code     0  startup_stm32f4xx.o(.text)
    OTG_HS_WKUP_IRQHandler                   0x080003c7   Thumb Code     0  startup_stm32f4xx.o(.text)
    PVD_IRQHandler                           0x080003c7   Thumb Code     0  startup_stm32f4xx.o(.text)
    RCC_IRQHandler                           0x080003c7   Thumb Code     0  startup_stm32f4xx.o(.text)
    RTC_Alarm_IRQHandler                     0x080003c7   Thumb Code     0  startup_stm32f4xx.o(.text)
    RTC_WKUP_IRQHandler                      0x080003c7   Thumb Code     0  startup_stm32f4xx.o(.text)
    SDIO_IRQHandler                          0x080003c7   Thumb Code     0  startup_stm32f4xx.o(.text)
    SPI1_IRQHandler                          0x080003c7   Thumb Code     0  startup_stm32f4xx.o(.text)
    SPI2_IRQHandler                          0x080003c7   Thumb Code     0  startup_stm32f4xx.o(.text)
    SPI3_IRQHandler                          0x080003c7   Thumb Code     0  startup_stm32f4xx.o(.text)
    TAMP_STAMP_IRQHandler                    0x080003c7   Thumb Code     0  startup_stm32f4xx.o(.text)
    TIM1_BRK_TIM9_IRQHandler                 0x080003c7   Thumb Code     0  startup_stm32f4xx.o(.text)
    TIM1_CC_IRQHandler                       0x080003c7   Thumb Code     0  startup_stm32f4xx.o(.text)
    TIM1_TRG_COM_TIM11_IRQHandler            0x080003c7   Thumb Code     0  startup_stm32f4xx.o(.text)
    TIM1_UP_TIM10_IRQHandler                 0x080003c7   Thumb Code     0  startup_stm32f4xx.o(.text)
    TIM2_IRQHandler                          0x080003c7   Thumb Code     0  startup_stm32f4xx.o(.text)
    TIM3_IRQHandler                          0x080003c7   Thumb Code     0  startup_stm32f4xx.o(.text)
    TIM4_IRQHandler                          0x080003c7   Thumb Code     0  startup_stm32f4xx.o(.text)
    TIM5_IRQHandler                          0x080003c7   Thumb Code     0  startup_stm32f4xx.o(.text)
    TIM6_DAC_IRQHandler                      0x080003c7   Thumb Code     0  startup_stm32f4xx.o(.text)
    TIM7_IRQHandler                          0x080003c7   Thumb Code     0  startup_stm32f4xx.o(.text)
    TIM8_BRK_TIM12_IRQHandler                0x080003c7   Thumb Code     0  startup_stm32f4xx.o(.text)
    TIM8_CC_IRQHandler                       0x080003c7   Thumb Code     0  startup_stm32f4xx.o(.text)
    TIM8_TRG_COM_TIM14_IRQHandler            0x080003c7   Thumb Code     0  startup_stm32f4xx.o(.text)
    TIM8_UP_TIM13_IRQHandler                 0x080003c7   Thumb Code     0  startup_stm32f4xx.o(.text)
    UART4_IRQHandler                         0x080003c7   Thumb Code     0  startup_stm32f4xx.o(.text)
    USART1_IRQHandler                        0x080003c7   Thumb Code     0  startup_stm32f4xx.o(.text)
    USART2_IRQHandler                        0x080003c7   Thumb Code     0  startup_stm32f4xx.o(.text)
    USART3_IRQHandler                        0x080003c7   Thumb Code     0  startup_stm32f4xx.o(.text)
    WWDG_IRQHandler                          0x080003c7   Thumb Code     0  startup_stm32f4xx.o(.text)
    warn_State                               0x080003d1   Thumb Code    92  main.o(.text)
    sys_State                                0x0800042d   Thumb Code   144  main.o(.text)
    main                                     0x080004bd   Thumb Code  1552  main.o(.text)
    NMI_Handler                              0x08000acd   Thumb Code     2  stm32f4xx_it.o(.text)
    HardFault_Handler                        0x08000acf   Thumb Code     4  stm32f4xx_it.o(.text)
    MemManage_Handler                        0x08000ad3   Thumb Code     4  stm32f4xx_it.o(.text)
    BusFault_Handler                         0x08000ad7   Thumb Code     4  stm32f4xx_it.o(.text)
    UsageFault_Handler                       0x08000adb   Thumb Code     4  stm32f4xx_it.o(.text)
    SVC_Handler                              0x08000adf   Thumb Code     2  stm32f4xx_it.o(.text)
    DebugMon_Handler                         0x08000ae1   Thumb Code     2  stm32f4xx_it.o(.text)
    PendSV_Handler                           0x08000ae3   Thumb Code     2  stm32f4xx_it.o(.text)
    SysTick_Handler                          0x08000ae5   Thumb Code   298  stm32f4xx_it.o(.text)
    UART5_IRQHandler                         0x08000c0f   Thumb Code    56  stm32f4xx_it.o(.text)
    USART6_IRQHandler                        0x08000c47   Thumb Code    56  stm32f4xx_it.o(.text)
    EXTI0_IRQHandler                         0x08000c7f   Thumb Code    46  stm32f4xx_it.o(.text)
    EXTI1_IRQHandler                         0x08000cad   Thumb Code    46  stm32f4xx_it.o(.text)
    NVIC_PriorityGroupConfig                 0x08000d29   Thumb Code    10  misc.o(.text)
    NVIC_Init                                0x08000d33   Thumb Code   106  misc.o(.text)
    NVIC_SetVectorTable                      0x08000d9d   Thumb Code    14  misc.o(.text)
    NVIC_SystemLPConfig                      0x08000dab   Thumb Code    34  misc.o(.text)
    SysTick_CLKSourceConfig                  0x08000dcd   Thumb Code    40  misc.o(.text)
    EXTI_DeInit                              0x08000e09   Thumb Code    28  stm32f4xx_exti.o(.text)
    EXTI_Init                                0x08000e25   Thumb Code   142  stm32f4xx_exti.o(.text)
    EXTI_StructInit                          0x08000eb3   Thumb Code    16  stm32f4xx_exti.o(.text)
    EXTI_GenerateSWInterrupt                 0x08000ec3   Thumb Code    16  stm32f4xx_exti.o(.text)
    EXTI_GetFlagStatus                       0x08000ed3   Thumb Code    22  stm32f4xx_exti.o(.text)
    EXTI_ClearFlag                           0x08000ee9   Thumb Code     8  stm32f4xx_exti.o(.text)
    EXTI_GetITStatus                         0x08000ef1   Thumb Code    34  stm32f4xx_exti.o(.text)
    EXTI_ClearITPendingBit                   0x08000f13   Thumb Code     8  stm32f4xx_exti.o(.text)
    FSMC_NORSRAMDeInit                       0x08000f25   Thumb Code    54  stm32f4xx_fsmc.o(.text)
    FSMC_NORSRAMInit                         0x08000f5b   Thumb Code   230  stm32f4xx_fsmc.o(.text)
    FSMC_NORSRAMStructInit                   0x08001041   Thumb Code   114  stm32f4xx_fsmc.o(.text)
    FSMC_NORSRAMCmd                          0x080010b3   Thumb Code    46  stm32f4xx_fsmc.o(.text)
    FSMC_NANDDeInit                          0x080010e1   Thumb Code    62  stm32f4xx_fsmc.o(.text)
    FSMC_NANDInit                            0x0800111f   Thumb Code   132  stm32f4xx_fsmc.o(.text)
    FSMC_NANDStructInit                      0x080011a3   Thumb Code    54  stm32f4xx_fsmc.o(.text)
    FSMC_NANDCmd                             0x080011d9   Thumb Code    86  stm32f4xx_fsmc.o(.text)
    FSMC_NANDECCCmd                          0x0800122f   Thumb Code    86  stm32f4xx_fsmc.o(.text)
    FSMC_GetECC                              0x08001285   Thumb Code    24  stm32f4xx_fsmc.o(.text)
    FSMC_PCCARDDeInit                        0x0800129d   Thumb Code    36  stm32f4xx_fsmc.o(.text)
    FSMC_PCCARDInit                          0x080012c1   Thumb Code   130  stm32f4xx_fsmc.o(.text)
    FSMC_PCCARDStructInit                    0x08001343   Thumb Code    60  stm32f4xx_fsmc.o(.text)
    FSMC_PCCARDCmd                           0x0800137f   Thumb Code    44  stm32f4xx_fsmc.o(.text)
    FSMC_ITConfig                            0x080013ab   Thumb Code   128  stm32f4xx_fsmc.o(.text)
    FSMC_GetFlagStatus                       0x0800142b   Thumb Code    54  stm32f4xx_fsmc.o(.text)
    FSMC_ClearFlag                           0x08001461   Thumb Code    62  stm32f4xx_fsmc.o(.text)
    FSMC_GetITStatus                         0x0800149f   Thumb Code    72  stm32f4xx_fsmc.o(.text)
    FSMC_ClearITPendingBit                   0x080014e7   Thumb Code    66  stm32f4xx_fsmc.o(.text)
    GPIO_DeInit                              0x0800152d   Thumb Code   220  stm32f4xx_gpio.o(.text)
    GPIO_Init                                0x08001609   Thumb Code   144  stm32f4xx_gpio.o(.text)
    GPIO_StructInit                          0x08001699   Thumb Code    18  stm32f4xx_gpio.o(.text)
    GPIO_PinLockConfig                       0x080016ab   Thumb Code    34  stm32f4xx_gpio.o(.text)
    GPIO_ReadInputDataBit                    0x080016cd   Thumb Code    18  stm32f4xx_gpio.o(.text)
    GPIO_ReadInputData                       0x080016df   Thumb Code     8  stm32f4xx_gpio.o(.text)
    GPIO_ReadOutputDataBit                   0x080016e7   Thumb Code    18  stm32f4xx_gpio.o(.text)
    GPIO_ReadOutputData                      0x080016f9   Thumb Code     8  stm32f4xx_gpio.o(.text)
    GPIO_SetBits                             0x08001701   Thumb Code     4  stm32f4xx_gpio.o(.text)
    GPIO_ResetBits                           0x08001705   Thumb Code     4  stm32f4xx_gpio.o(.text)
    GPIO_WriteBit                            0x08001709   Thumb Code    10  stm32f4xx_gpio.o(.text)
    GPIO_Write                               0x08001713   Thumb Code     4  stm32f4xx_gpio.o(.text)
    GPIO_ToggleBits                          0x08001717   Thumb Code     8  stm32f4xx_gpio.o(.text)
    GPIO_PinAFConfig                         0x0800171f   Thumb Code    70  stm32f4xx_gpio.o(.text)
    RCC_DeInit                               0x08001789   Thumb Code    60  stm32f4xx_rcc.o(.text)
    RCC_HSEConfig                            0x080017c5   Thumb Code    14  stm32f4xx_rcc.o(.text)
    RCC_GetFlagStatus                        0x080017d3   Thumb Code    60  stm32f4xx_rcc.o(.text)
    RCC_WaitForHSEStartUp                    0x0800180f   Thumb Code    56  stm32f4xx_rcc.o(.text)
    RCC_AdjustHSICalibrationValue            0x08001847   Thumb Code    20  stm32f4xx_rcc.o(.text)
    RCC_HSICmd                               0x0800185b   Thumb Code     6  stm32f4xx_rcc.o(.text)
    RCC_LSEConfig                            0x08001861   Thumb Code    46  stm32f4xx_rcc.o(.text)
    RCC_LSICmd                               0x0800188f   Thumb Code     6  stm32f4xx_rcc.o(.text)
    RCC_PLLConfig                            0x08001895   Thumb Code    32  stm32f4xx_rcc.o(.text)
    RCC_PLLCmd                               0x080018b5   Thumb Code     6  stm32f4xx_rcc.o(.text)
    RCC_PLLI2SConfig                         0x080018bb   Thumb Code    14  stm32f4xx_rcc.o(.text)
    RCC_PLLI2SCmd                            0x080018c9   Thumb Code     6  stm32f4xx_rcc.o(.text)
    RCC_ClockSecuritySystemCmd               0x080018cf   Thumb Code     6  stm32f4xx_rcc.o(.text)
    RCC_MCO1Config                           0x080018d5   Thumb Code    28  stm32f4xx_rcc.o(.text)
    RCC_MCO2Config                           0x080018f1   Thumb Code    28  stm32f4xx_rcc.o(.text)
    RCC_SYSCLKConfig                         0x0800190d   Thumb Code    20  stm32f4xx_rcc.o(.text)
    RCC_GetSYSCLKSource                      0x08001921   Thumb Code    12  stm32f4xx_rcc.o(.text)
    RCC_HCLKConfig                           0x0800192d   Thumb Code    20  stm32f4xx_rcc.o(.text)
    RCC_PCLK1Config                          0x08001941   Thumb Code    20  stm32f4xx_rcc.o(.text)
    RCC_PCLK2Config                          0x08001955   Thumb Code    22  stm32f4xx_rcc.o(.text)
    RCC_GetClocksFreq                        0x0800196b   Thumb Code   222  stm32f4xx_rcc.o(.text)
    RCC_RTCCLKConfig                         0x08001a49   Thumb Code    54  stm32f4xx_rcc.o(.text)
    RCC_RTCCLKCmd                            0x08001a7f   Thumb Code     8  stm32f4xx_rcc.o(.text)
    RCC_BackupResetCmd                       0x08001a87   Thumb Code     8  stm32f4xx_rcc.o(.text)
    RCC_I2SCLKConfig                         0x08001a8f   Thumb Code     6  stm32f4xx_rcc.o(.text)
    RCC_AHB1PeriphClockCmd                   0x08001a95   Thumb Code    34  stm32f4xx_rcc.o(.text)
    RCC_AHB2PeriphClockCmd                   0x08001ab7   Thumb Code    34  stm32f4xx_rcc.o(.text)
    RCC_AHB3PeriphClockCmd                   0x08001ad9   Thumb Code    34  stm32f4xx_rcc.o(.text)
    RCC_APB1PeriphClockCmd                   0x08001afb   Thumb Code    34  stm32f4xx_rcc.o(.text)
    RCC_APB2PeriphClockCmd                   0x08001b1d   Thumb Code    34  stm32f4xx_rcc.o(.text)
    RCC_AHB1PeriphResetCmd                   0x08001b3f   Thumb Code    34  stm32f4xx_rcc.o(.text)
    RCC_AHB2PeriphResetCmd                   0x08001b61   Thumb Code    72  stm32f4xx_rcc.o(.text)
    RCC_AHB3PeriphResetCmd                   0x08001ba9   Thumb Code    34  stm32f4xx_rcc.o(.text)
    RCC_APB1PeriphResetCmd                   0x08001bcb   Thumb Code    34  stm32f4xx_rcc.o(.text)
    RCC_APB2PeriphResetCmd                   0x08001bed   Thumb Code    34  stm32f4xx_rcc.o(.text)
    RCC_AHB1PeriphClockLPModeCmd             0x08001c0f   Thumb Code    34  stm32f4xx_rcc.o(.text)
    RCC_AHB2PeriphClockLPModeCmd             0x08001c31   Thumb Code    34  stm32f4xx_rcc.o(.text)
    RCC_AHB3PeriphClockLPModeCmd             0x08001c53   Thumb Code    34  stm32f4xx_rcc.o(.text)
    RCC_APB1PeriphClockLPModeCmd             0x08001c75   Thumb Code    34  stm32f4xx_rcc.o(.text)
    RCC_APB2PeriphClockLPModeCmd             0x08001c97   Thumb Code    34  stm32f4xx_rcc.o(.text)
    RCC_ITConfig                             0x08001cb9   Thumb Code    34  stm32f4xx_rcc.o(.text)
    RCC_ClearFlag                            0x08001cdb   Thumb Code    18  stm32f4xx_rcc.o(.text)
    RCC_GetITStatus                          0x08001ced   Thumb Code    22  stm32f4xx_rcc.o(.text)
    RCC_ClearITPendingBit                    0x08001d03   Thumb Code     8  stm32f4xx_rcc.o(.text)
    USART_DeInit                             0x08001d11   Thumb Code   156  stm32f4xx_usart.o(.text)
    USART_Init                               0x08001dad   Thumb Code   204  stm32f4xx_usart.o(.text)
    USART_StructInit                         0x08001e79   Thumb Code    24  stm32f4xx_usart.o(.text)
    USART_ClockInit                          0x08001e91   Thumb Code    32  stm32f4xx_usart.o(.text)
    USART_ClockStructInit                    0x08001eb1   Thumb Code    12  stm32f4xx_usart.o(.text)
    USART_Cmd                                0x08001ebd   Thumb Code    24  stm32f4xx_usart.o(.text)
    USART_SetPrescaler                       0x08001ed5   Thumb Code    16  stm32f4xx_usart.o(.text)
    USART_OverSampling8Cmd                   0x08001ee5   Thumb Code    22  stm32f4xx_usart.o(.text)
    USART_OneBitMethodCmd                    0x08001efb   Thumb Code    24  stm32f4xx_usart.o(.text)
    USART_SendData                           0x08001f13   Thumb Code     8  stm32f4xx_usart.o(.text)
    USART_ReceiveData                        0x08001f1b   Thumb Code    10  stm32f4xx_usart.o(.text)
    USART_SetAddress                         0x08001f25   Thumb Code    18  stm32f4xx_usart.o(.text)
    USART_ReceiverWakeUpCmd                  0x08001f37   Thumb Code    24  stm32f4xx_usart.o(.text)
    USART_WakeUpConfig                       0x08001f4f   Thumb Code    18  stm32f4xx_usart.o(.text)
    USART_LINBreakDetectLengthConfig         0x08001f61   Thumb Code    18  stm32f4xx_usart.o(.text)
    USART_LINCmd                             0x08001f73   Thumb Code    24  stm32f4xx_usart.o(.text)
    USART_SendBreak                          0x08001f8b   Thumb Code    10  stm32f4xx_usart.o(.text)
    USART_HalfDuplexCmd                      0x08001f95   Thumb Code    24  stm32f4xx_usart.o(.text)
    USART_SetGuardTime                       0x08001fad   Thumb Code    16  stm32f4xx_usart.o(.text)
    USART_SmartCardCmd                       0x08001fbd   Thumb Code    24  stm32f4xx_usart.o(.text)
    USART_SmartCardNACKCmd                   0x08001fd5   Thumb Code    24  stm32f4xx_usart.o(.text)
    USART_IrDAConfig                         0x08001fed   Thumb Code    18  stm32f4xx_usart.o(.text)
    USART_IrDACmd                            0x08001fff   Thumb Code    24  stm32f4xx_usart.o(.text)
    USART_DMACmd                             0x08002017   Thumb Code    18  stm32f4xx_usart.o(.text)
    USART_ITConfig                           0x08002029   Thumb Code    74  stm32f4xx_usart.o(.text)
    USART_GetFlagStatus                      0x08002073   Thumb Code    26  stm32f4xx_usart.o(.text)
    USART_ClearFlag                          0x0800208d   Thumb Code    18  stm32f4xx_usart.o(.text)
    USART_GetITStatus                        0x0800209f   Thumb Code   110  stm32f4xx_usart.o(.text)
    USART_ClearITPendingBit                  0x0800210d   Thumb Code    30  stm32f4xx_usart.o(.text)
    UART3_Configuration                      0x0800212d   Thumb Code   154  usart3.o(.text)
    fputc                                    0x080021c7   Thumb Code    36  usart3.o(.text)
    PrintfReceivePacket                      0x080021eb   Thumb Code    40  usart3.o(.text)
    USART3_Senddata                          0x08002213   Thumb Code    42  usart3.o(.text)
    UART6_Configuration                      0x0800223d   Thumb Code   194  usart3.o(.text)
    USART6_Senddata                          0x080022ff   Thumb Code    42  usart3.o(.text)
    UART5_Configuration                      0x08002329   Thumb Code   200  usart3.o(.text)
    UART5_Senddata                           0x080023f1   Thumb Code    42  usart3.o(.text)
    SysTick_Init                             0x08002455   Thumb Code    90  delay.o(.text)
    delay_ms                                 0x080024af   Thumb Code    16  delay.o(.text)
    delay_us                                 0x080024bf   Thumb Code    28  delay.o(.text)
    TimingDelay_Decrement                    0x080024db   Thumb Code    18  delay.o(.text)
    KEYGpio_Init                             0x080024fd   Thumb Code    44  key.o(.text)
    KeyScan                                  0x08002529   Thumb Code   192  key.o(.text)
    LEDGpio_Init                             0x080025ed   Thumb Code   112  led.o(.text)
    WiFi_ResetIO_Init                        0x08002661   Thumb Code    56  wifi.o(.text)
    WiFi_Reset                               0x08002699   Thumb Code   116  wifi.o(.text)
    WiFi_SendCmd                             0x0800270d   Thumb Code    82  wifi.o(.text)
    WiFi_JoinAP                              0x0800275f   Thumb Code   112  wifi.o(.text)
    WiFi_Connect_Server                      0x080027cf   Thumb Code   210  wifi.o(.text)
    WiFi_Connect_IoTServer                   0x080028a1   Thumb Code  1624  wifi.o(.text)
    BH1750WriteData                          0x08003015   Thumb Code    36  bh1750.o(.text)
    BH1750_ReadData                          0x08003039   Thumb Code    66  bh1750.o(.text)
    BH1750_Init                              0x0800307b   Thumb Code    20  bh1750.o(.text)
    I2C_SDA_Output                           0x08003091   Thumb Code    40  i2c.o(.text)
    I2C_Stop                                 0x080030b9   Thumb Code    52  i2c.o(.text)
    I2C_GPIO_Configuration                   0x080030ed   Thumb Code    52  i2c.o(.text)
    I2C_SDA_Input                            0x08003121   Thumb Code    30  i2c.o(.text)
    I2C_delay                                0x0800313f   Thumb Code    10  i2c.o(.text)
    I2C_Start                                0x08003149   Thumb Code    52  i2c.o(.text)
    I2C_WaitACK                              0x0800317d   Thumb Code    78  i2c.o(.text)
    I2C_ACK                                  0x080031cb   Thumb Code    52  i2c.o(.text)
    I2C_NACK                                 0x080031ff   Thumb Code    52  i2c.o(.text)
    I2C_SendByte                             0x08003233   Thumb Code    94  i2c.o(.text)
    I2C_ReceiveByte                          0x08003291   Thumb Code    70  i2c.o(.text)
    I2C_SendACK                              0x080032d7   Thumb Code    52  i2c.o(.text)
    TxDataBuf_Deal                           0x08003311   Thumb Code    86  mqtt.o(.text)
    MQTT_Subscribe                           0x08003367   Thumb Code   134  mqtt.o(.text)
    MQTT_ConectPack                          0x080033ed   Thumb Code   496  mqtt.o(.text)
    MQTT_Buff_Init                           0x080035dd   Thumb Code    90  mqtt.o(.text)
    AliIoT_Parameter_Init                    0x08003637   Thumb Code   526  mqtt.o(.text)
    MQTT_PingREQ                             0x08003845   Thumb Code    22  mqtt.o(.text)
    MQTT_PublishQs0                          0x0800385b   Thumb Code   220  mqtt.o(.text)
    CMDBuf_Deal                              0x08003937   Thumb Code    96  mqtt.o(.text)
    MQTT_DealPushdata_Qs0                    0x08003997   Thumb Code   234  mqtt.o(.text)
    BEEPGpio_Init                            0x08003ab9   Thumb Code    60  beep.o(.text)
    LCD_delayus                              0x08003af9   Thumb Code    28  lcd.o(.text)
    LCD_delayms                              0x08003b15   Thumb Code    36  lcd.o(.text)
    LCD_WR_REG                               0x08003b39   Thumb Code     6  lcd.o(.text)
    LCD_WR_DATA                              0x08003b3f   Thumb Code     8  lcd.o(.text)
    LCD_RD_DATA                              0x08003b47   Thumb Code    16  lcd.o(.text)
    LCD_WriteReg                             0x08003b57   Thumb Code    10  lcd.o(.text)
    LCD_ReadReg                              0x08003b61   Thumb Code    22  lcd.o(.text)
    LCD_WriteRAM_Prepare                     0x08003b77   Thumb Code    10  lcd.o(.text)
    LCD_WriteRAM                             0x08003b81   Thumb Code     8  lcd.o(.text)
    LCD_SetCursor                            0x08003b89   Thumb Code    84  lcd.o(.text)
    LCD_Scan_Dir                             0x08003bdd   Thumb Code   306  lcd.o(.text)
    LCD_DrawPoint                            0x08003d0f   Thumb Code    28  lcd.o(.text)
    LCD_Fast_DrawPoint                       0x08003d2b   Thumb Code    96  lcd.o(.text)
    LCD_Display_Dir                          0x08003d8b   Thumb Code   136  lcd.o(.text)
    LCD_Clear                                0x08003e13   Thumb Code    44  lcd.o(.text)
    LCD_Init                                 0x08003e3f   Thumb Code  4620  lcd.o(.text)
    LCD_DrawLine                             0x0800504b   Thumb Code   172  lcd.o(.text)
    LCD_DrawRectangle                        0x080050f7   Thumb Code    74  lcd.o(.text)
    LCD_ShowHzString                         0x08005141   Thumb Code   184  lcd.o(.text)
    LCD_ShowChar                             0x080051f9   Thumb Code   264  lcd.o(.text)
    LCD_ShowCharString                       0x08005301   Thumb Code    78  lcd.o(.text)
    LCD_ShowString                           0x0800534f   Thumb Code    78  lcd.o(.text)
    LCD_DrawOnrPoint                         0x0800539d   Thumb Code    28  lcd.o(.text)
    LCD_DrawPicture                          0x080053b9   Thumb Code   136  lcd.o(.text)
    utils_hmac_md5                           0x08005441   Thumb Code   232  utils_hmac.o(.text)
    utils_hmac_sha1                          0x08005529   Thumb Code   232  utils_hmac.o(.text)
    base64_decode                            0x08005611   Thumb Code   262  utils_hmac.o(.text)
    utils_md5_init                           0x08005733   Thumb Code    14  utils_md5.o(.text)
    utils_md5_free                           0x08005741   Thumb Code    20  utils_md5.o(.text)
    utils_md5_clone                          0x08005755   Thumb Code    18  utils_md5.o(.text)
    utils_md5_starts                         0x08005767   Thumb Code    26  utils_md5.o(.text)
    utils_md5_process                        0x08005781   Thumb Code  2326  utils_md5.o(.text)
    utils_md5_update                         0x08006097   Thumb Code   124  utils_md5.o(.text)
    utils_md5_finish                         0x08006113   Thumb Code   206  utils_md5.o(.text)
    utils_md5                                0x080061e1   Thumb Code    50  utils_md5.o(.text)
    utils_hb2hex                             0x08006213   Thumb Code    24  utils_md5.o(.text)
    utils_sha1_init                          0x08006247   Thumb Code    14  utils_sha1.o(.text)
    utils_sha1_free                          0x08006255   Thumb Code    20  utils_sha1.o(.text)
    utils_sha1_clone                         0x08006269   Thumb Code    18  utils_sha1.o(.text)
    utils_sha1_starts                        0x0800627b   Thumb Code    30  utils_sha1.o(.text)
    utils_sha1_process                       0x08006299   Thumb Code  6442  utils_sha1.o(.text)
    utils_sha1_update                        0x08007bc3   Thumb Code   124  utils_sha1.o(.text)
    utils_sha1_finish                        0x08007c3f   Thumb Code   228  utils_sha1.o(.text)
    utils_sha1                               0x08007d23   Thumb Code    50  utils_sha1.o(.text)
    __aeabi_memcpy                           0x08007d5d   Thumb Code    36  memcpya.o(.text)
    __aeabi_memcpy4                          0x08007d5d   Thumb Code     0  memcpya.o(.text)
    __aeabi_memcpy8                          0x08007d5d   Thumb Code     0  memcpya.o(.text)
    __aeabi_memset                           0x08007d81   Thumb Code    14  memseta.o(.text)
    __aeabi_memset4                          0x08007d81   Thumb Code     0  memseta.o(.text)
    __aeabi_memset8                          0x08007d81   Thumb Code     0  memseta.o(.text)
    __aeabi_memclr                           0x08007d8f   Thumb Code     4  memseta.o(.text)
    __aeabi_memclr4                          0x08007d8f   Thumb Code     0  memseta.o(.text)
    __aeabi_memclr8                          0x08007d8f   Thumb Code     0  memseta.o(.text)
    _memset$wrapper                          0x08007d93   Thumb Code    18  memseta.o(.text)
    strstr                                   0x08007da5   Thumb Code    36  strstr.o(.text)
    strlen                                   0x08007dc9   Thumb Code    14  strlen.o(.text)
    __aeabi_dadd                             0x08007dd7   Thumb Code   322  dadd.o(.text)
    __aeabi_dsub                             0x08007f19   Thumb Code     6  dadd.o(.text)
    __aeabi_drsub                            0x08007f1f   Thumb Code     6  dadd.o(.text)
    __aeabi_dmul                             0x08007f25   Thumb Code   228  dmul.o(.text)
    __aeabi_ddiv                             0x08008009   Thumb Code   222  ddiv.o(.text)
    __aeabi_uidiv                            0x080080e7   Thumb Code     0  uidiv.o(.text)
    __aeabi_uidivmod                         0x080080e7   Thumb Code    44  uidiv.o(.text)
    __aeabi_uldivmod                         0x08008113   Thumb Code    98  uldiv.o(.text)
    __aeabi_llsl                             0x08008175   Thumb Code    30  llshl.o(.text)
    _ll_shift_l                              0x08008175   Thumb Code     0  llshl.o(.text)
    __aeabi_lasr                             0x08008193   Thumb Code    36  llsshr.o(.text)
    _ll_sshift_r                             0x08008193   Thumb Code     0  llsshr.o(.text)
    __I$use$fp                               0x080081b7   Thumb Code     0  iusefp.o(.text)
    _double_round                            0x080081b7   Thumb Code    30  depilogue.o(.text)
    _double_epilogue                         0x080081d5   Thumb Code   156  depilogue.o(.text)
    __aeabi_d2ulz                            0x08008271   Thumb Code    48  dfixul.o(.text)
    __aeabi_cdrcmple                         0x080082a1   Thumb Code    48  cdrcmple.o(.text)
    __scatterload                            0x080082d1   Thumb Code    28  init.o(.text)
    __scatterload_rt2                        0x080082d1   Thumb Code     0  init.o(.text)
    __aeabi_llsr                             0x080082f5   Thumb Code    32  llushr.o(.text)
    _ll_ushift_r                             0x080082f5   Thumb Code     0  llushr.o(.text)
    __0printf                                0x08008315   Thumb Code    22  printfa.o(i.__0printf)
    __1printf                                0x08008315   Thumb Code     0  printfa.o(i.__0printf)
    __2printf                                0x08008315   Thumb Code     0  printfa.o(i.__0printf)
    __c89printf                              0x08008315   Thumb Code     0  printfa.o(i.__0printf)
    printf                                   0x08008315   Thumb Code     0  printfa.o(i.__0printf)
    __0sprintf                               0x08008335   Thumb Code    34  printfa.o(i.__0sprintf)
    __1sprintf                               0x08008335   Thumb Code     0  printfa.o(i.__0sprintf)
    __2sprintf                               0x08008335   Thumb Code     0  printfa.o(i.__0sprintf)
    __c89sprintf                             0x08008335   Thumb Code     0  printfa.o(i.__0sprintf)
    sprintf                                  0x08008335   Thumb Code     0  printfa.o(i.__0sprintf)
    __scatterload_copy                       0x0800835d   Thumb Code    14  handlers.o(i.__scatterload_copy)
    __scatterload_null                       0x0800836b   Thumb Code     2  handlers.o(i.__scatterload_null)
    __scatterload_zeroinit                   0x0800836d   Thumb Code    14  handlers.o(i.__scatterload_zeroinit)
    Hzk16                                    0x08008c18   Data       267616  lcd.o(.constdata)
    asc2_1206                                0x0804a178   Data        1140  lcd.o(.constdata)
    asc2_1608                                0x0804a5ec   Data        1520  lcd.o(.constdata)
    asc2_2412                                0x0804abdc   Data        3420  lcd.o(.constdata)
    Region$$Table$$Base                      0x0804b9fc   Number         0  anon$$obj.o(Region$$Table)
    Region$$Table$$Limit                     0x0804ba1c   Number         0  anon$$obj.o(Region$$Table)
    SystemCoreClock                          0x20000000   Data           4  system_stm32f4xx.o(.data)
    AHBPrescTable                            0x20000004   Data          16  system_stm32f4xx.o(.data)
    timer_flag                               0x20000014   Data           1  main.o(.data)
    ping_cnt                                 0x20000015   Data           1  main.o(.data)
    lamp_mode                                0x20000016   Data           4  main.o(.data)
    illuMin                                  0x2000001c   Data           4  main.o(.data)
    illuMax                                  0x20000020   Data           4  main.o(.data)
    Uart5RXlenth                             0x20000038   Data           4  usart3.o(.data)
    Uart5Time                                0x2000003c   Data           1  usart3.o(.data)
    Uart5ReceiveFinish                       0x2000003d   Data           1  usart3.o(.data)
    Uart6RXlenth                             0x20000040   Data           4  usart3.o(.data)
    Uart6Time                                0x20000044   Data           1  usart3.o(.data)
    Uart6ReceiveFinish                       0x20000045   Data           1  usart3.o(.data)
    TimingDelay                              0x20000048   Data           4  delay.o(.data)
    wifi_mode                                0x2000004c   Data           1  wifi.o(.data)
    MQTT_RxDataInPtr                         0x20000050   Data           4  mqtt.o(.data)
    MQTT_RxDataOutPtr                        0x20000054   Data           4  mqtt.o(.data)
    MQTT_RxDataEndPtr                        0x20000058   Data           4  mqtt.o(.data)
    MQTT_TxDataInPtr                         0x2000005c   Data           4  mqtt.o(.data)
    MQTT_TxDataOutPtr                        0x20000060   Data           4  mqtt.o(.data)
    MQTT_TxDataEndPtr                        0x20000064   Data           4  mqtt.o(.data)
    MQTT_CMDInPtr                            0x20000068   Data           4  mqtt.o(.data)
    MQTT_CMDOutPtr                           0x2000006c   Data           4  mqtt.o(.data)
    MQTT_CMDEndPtr                           0x20000070   Data           4  mqtt.o(.data)
    ClientID_len                             0x20000074   Data           4  mqtt.o(.data)
    Username_len                             0x20000078   Data           4  mqtt.o(.data)
    Passward_len                             0x2000007c   Data           4  mqtt.o(.data)
    ServerPort                               0x20000080   Data           4  mqtt.o(.data)
    Fixed_len                                0x20000084   Data           4  mqtt.o(.data)
    Variable_len                             0x20000088   Data           4  mqtt.o(.data)
    Payload_len                              0x2000008c   Data           4  mqtt.o(.data)
    Ping_flag                                0x20000090   Data           1  mqtt.o(.data)
    Connect_flag                             0x20000091   Data           1  mqtt.o(.data)
    ConnectPack_flag                         0x20000092   Data           1  mqtt.o(.data)
    SubcribePack_flag                        0x20000093   Data           1  mqtt.o(.data)
    base64char                               0x20000098   Data           4  utils_hmac.o(.data)
    __stdout                                 0x2000009c   Data           4  stdout.o(.data)
    Uart6ReceiveBuf                          0x200000a0   Data         300  usart3.o(.bss)
    Uart5ReceiveBuf                          0x200001cc   Data         300  usart3.o(.bss)
    MQTT_RxDataBuf                           0x200002f8   Data        1500  mqtt.o(.bss)
    MQTT_TxDataBuf                           0x200008d4   Data        2500  mqtt.o(.bss)
    MQTT_CMDBuf                              0x20001298   Data        2400  mqtt.o(.bss)
    ClientID                                 0x20001bf8   Data         128  mqtt.o(.bss)
    Username                                 0x20001c78   Data         128  mqtt.o(.bss)
    Passward                                 0x20001cf8   Data         128  mqtt.o(.bss)
    ServerIP                                 0x20001d78   Data         128  mqtt.o(.bss)
    temp_buff                                0x20001df8   Data         500  mqtt.o(.bss)
    lcddev                                   0x20001fec   Data          14  lcd.o(.bss)
    __initial_sp                             0x20002400   Data           0  startup_stm32f4xx.o(STACK)



==============================================================================

Memory Map of the image

  Image Entry point : 0x08000189

  Load Region LR_IROM1 (Base: 0x08000000, Size: 0x0004babc, Max: 0x00100000, ABSOLUTE)

    Execution Region ER_IROM1 (Base: 0x08000000, Size: 0x0004ba1c, Max: 0x00100000, ABSOLUTE)

    Base Addr    Size         Type   Attr      Idx    E Section Name        Object

    0x08000000   0x00000188   Data   RO          136    RESET               startup_stm32f4xx.o
    0x08000188   0x00000000   Code   RO         1390  * .ARM.Collect$$$$00000000  mc_w.l(entry.o)
    0x08000188   0x00000004   Code   RO         1676    .ARM.Collect$$$$00000001  mc_w.l(entry2.o)
    0x0800018c   0x00000004   Code   RO         1679    .ARM.Collect$$$$00000004  mc_w.l(entry5.o)
    0x08000190   0x00000000   Code   RO         1681    .ARM.Collect$$$$00000008  mc_w.l(entry7b.o)
    0x08000190   0x00000000   Code   RO         1683    .ARM.Collect$$$$0000000A  mc_w.l(entry8b.o)
    0x08000190   0x00000008   Code   RO         1684    .ARM.Collect$$$$0000000B  mc_w.l(entry9a.o)
    0x08000198   0x00000000   Code   RO         1686    .ARM.Collect$$$$0000000D  mc_w.l(entry10a.o)
    0x08000198   0x00000000   Code   RO         1688    .ARM.Collect$$$$0000000F  mc_w.l(entry11a.o)
    0x08000198   0x00000004   Code   RO         1677    .ARM.Collect$$$$00002712  mc_w.l(entry2.o)
    0x0800019c   0x00000210   Code   RO            4    .text               system_stm32f4xx.o
    0x080003ac   0x00000024   Code   RO          137    .text               startup_stm32f4xx.o
    0x080003d0   0x000006fc   Code   RO          144    .text               main.o
    0x08000acc   0x0000025c   Code   RO          218    .text               stm32f4xx_it.o
    0x08000d28   0x000000e0   Code   RO          250    .text               misc.o
    0x08000e08   0x0000011c   Code   RO          538    .text               stm32f4xx_exti.o
    0x08000f24   0x00000608   Code   RO          586    .text               stm32f4xx_fsmc.o
    0x0800152c   0x0000025c   Code   RO          610    .text               stm32f4xx_gpio.o
    0x08001788   0x00000588   Code   RO          778    .text               stm32f4xx_rcc.o
    0x08001d10   0x0000041a   Code   RO          948    .text               stm32f4xx_usart.o
    0x0800212a   0x00000002   PAD
    0x0800212c   0x00000328   Code   RO          996    .text               usart3.o
    0x08002454   0x000000a8   Code   RO         1027    .text               delay.o
    0x080024fc   0x000000f0   Code   RO         1093    .text               key.o
    0x080025ec   0x00000074   Code   RO         1132    .text               led.o
    0x08002660   0x000009b4   Code   RO         1156    .text               wifi.o
    0x08003014   0x0000007a   Code   RO         1196    .text               bh1750.o
    0x0800308e   0x00000002   PAD
    0x08003090   0x00000280   Code   RO         1220    .text               i2c.o
    0x08003310   0x000007a8   Code   RO         1244    .text               mqtt.o
    0x08003ab8   0x00000040   Code   RO         1282    .text               beep.o
    0x08003af8   0x00001948   Code   RO         1306    .text               lcd.o
    0x08005440   0x000002dc   Code   RO         1340    .text               utils_hmac.o
    0x0800571c   0x00000b14   Code   RO         1362    .text               utils_md5.o
    0x08006230   0x00001b2c   Code   RO         1376    .text               utils_sha1.o
    0x08007d5c   0x00000024   Code   RO         1393    .text               mc_w.l(memcpya.o)
    0x08007d80   0x00000024   Code   RO         1395    .text               mc_w.l(memseta.o)
    0x08007da4   0x00000024   Code   RO         1397    .text               mc_w.l(strstr.o)
    0x08007dc8   0x0000000e   Code   RO         1399    .text               mc_w.l(strlen.o)
    0x08007dd6   0x0000014e   Code   RO         1664    .text               mf_w.l(dadd.o)
    0x08007f24   0x000000e4   Code   RO         1666    .text               mf_w.l(dmul.o)
    0x08008008   0x000000de   Code   RO         1668    .text               mf_w.l(ddiv.o)
    0x080080e6   0x0000002c   Code   RO         1691    .text               mc_w.l(uidiv.o)
    0x08008112   0x00000062   Code   RO         1693    .text               mc_w.l(uldiv.o)
    0x08008174   0x0000001e   Code   RO         1695    .text               mc_w.l(llshl.o)
    0x08008192   0x00000024   Code   RO         1697    .text               mc_w.l(llsshr.o)
    0x080081b6   0x00000000   Code   RO         1699    .text               mc_w.l(iusefp.o)
    0x080081b6   0x000000ba   Code   RO         1702    .text               mf_w.l(depilogue.o)
    0x08008270   0x00000030   Code   RO         1704    .text               mf_w.l(dfixul.o)
    0x080082a0   0x00000030   Code   RO         1706    .text               mf_w.l(cdrcmple.o)
    0x080082d0   0x00000024   Code   RO         1708    .text               mc_w.l(init.o)
    0x080082f4   0x00000020   Code   RO         1710    .text               mc_w.l(llushr.o)
    0x08008314   0x00000020   Code   RO         1636    i.__0printf         mc_w.l(printfa.o)
    0x08008334   0x00000028   Code   RO         1638    i.__0sprintf        mc_w.l(printfa.o)
    0x0800835c   0x0000000e   Code   RO         1714    i.__scatterload_copy  mc_w.l(handlers.o)
    0x0800836a   0x00000002   Code   RO         1715    i.__scatterload_null  mc_w.l(handlers.o)
    0x0800836c   0x0000000e   Code   RO         1716    i.__scatterload_zeroinit  mc_w.l(handlers.o)
    0x0800837a   0x00000002   PAD
    0x0800837c   0x00000164   Code   RO         1643    i._fp_digits        mc_w.l(printfa.o)
    0x080084e0   0x000006dc   Code   RO         1644    i._printf_core      mc_w.l(printfa.o)
    0x08008bbc   0x00000024   Code   RO         1645    i._printf_post_padding  mc_w.l(printfa.o)
    0x08008be0   0x0000002e   Code   RO         1646    i._printf_pre_padding  mc_w.l(printfa.o)
    0x08008c0e   0x0000000a   Code   RO         1648    i._sputc            mc_w.l(printfa.o)
    0x08008c18   0x00042d20   Data   RO         1308    .constdata          lcd.o
    0x0804b938   0x00000040   Data   RO         1363    .constdata          utils_md5.o
    0x0804b978   0x00000040   Data   RO         1377    .constdata          utils_sha1.o
    0x0804b9b8   0x00000041   Data   RO         1341    .conststring        utils_hmac.o
    0x0804b9f9   0x00000003   PAD
    0x0804b9fc   0x00000020   Data   RO         1712    Region$$Table       anon$$obj.o


    Execution Region RW_IRAM1 (Base: 0x20000000, Size: 0x00002400, Max: 0x00020000, ABSOLUTE)

    Base Addr    Size         Type   Attr      Idx    E Section Name        Object

    0x20000000   0x00000014   Data   RW            5    .data               system_stm32f4xx.o
    0x20000014   0x00000010   Data   RW          145    .data               main.o
    0x20000024   0x00000004   Data   RW          219    .data               stm32f4xx_it.o
    0x20000028   0x00000010   Data   RW          779    .data               stm32f4xx_rcc.o
    0x20000038   0x0000000e   Data   RW          998    .data               usart3.o
    0x20000046   0x00000002   PAD
    0x20000048   0x00000004   Data   RW         1028    .data               delay.o
    0x2000004c   0x00000001   Data   RW         1157    .data               wifi.o
    0x2000004d   0x00000003   PAD
    0x20000050   0x00000044   Data   RW         1246    .data               mqtt.o
    0x20000094   0x00000004   Data   RW         1309    .data               lcd.o
    0x20000098   0x00000004   Data   RW         1342    .data               utils_hmac.o
    0x2000009c   0x00000004   Data   RW         1690    .data               mc_w.l(stdout.o)
    0x200000a0   0x00000258   Zero   RW          997    .bss                usart3.o
    0x200002f8   0x00001cf4   Zero   RW         1245    .bss                mqtt.o
    0x20001fec   0x0000000e   Zero   RW         1307    .bss                lcd.o
    0x20001ffa   0x00000006   PAD
    0x20002000   0x00000400   Zero   RW          134    STACK               startup_stm32f4xx.o


==============================================================================

Image component sizes


      Code (inc. data)   RO Data    RW Data    ZI Data      Debug   Object Name

        64          4          0          0          0        568   beep.o
       122          0          0          0          0       1038   bh1750.o
       168         16          0          4          0      28052   delay.o
       640          6          0          0          0       2513   i2c.o
       240          4          0          0          0        859   key.o
      6472         86     273696          4         14      12854   lcd.o
       116          4          0          0          0        591   led.o
      1788        772          0         16          0       4068   main.o
       224         20          0          0          0       2045   misc.o
      1960        390          0         68       7412       5079   mqtt.o
        36          8        392          0       1024        936   startup_stm32f4xx.o
       284         10          0          0          0       2523   stm32f4xx_exti.o
      1544         14          0          0          0       5631   stm32f4xx_fsmc.o
       604         36          0          0          0       4285   stm32f4xx_gpio.o
       604         78          0          4          0       2167   stm32f4xx_it.o
      1416         48          0         16          0      11239   stm32f4xx_rcc.o
      1050         26          0          0          0       8000   stm32f4xx_usart.o
       528         46          0         20          0     251967   system_stm32f4xx.o
       808         58          0         14        600       3749   usart3.o
       732          6         65          4          0       3404   utils_hmac.o
      2836        266         64          0          0       5084   utils_md5.o
      6956         42         64          0          0       5431   utils_sha1.o
      2484       1288          0          1          0       2779   wifi.o

    ----------------------------------------------------------------------
     31680       3228     274316        156       9056     364862   Object Totals
         0          0         32          0          0          0   (incl. Generated)
         4          0          3          5          6          0   (incl. Padding)

    ----------------------------------------------------------------------

      Code (inc. data)   RO Data    RW Data    ZI Data      Debug   Library Member Name

         0          0          0          0          0          0   entry.o
         0          0          0          0          0          0   entry10a.o
         0          0          0          0          0          0   entry11a.o
         8          4          0          0          0          0   entry2.o
         4          0          0          0          0          0   entry5.o
         0          0          0          0          0          0   entry7b.o
         0          0          0          0          0          0   entry8b.o
         8          4          0          0          0          0   entry9a.o
        30          0          0          0          0          0   handlers.o
        36          8          0          0          0         68   init.o
         0          0          0          0          0          0   iusefp.o
        30          0          0          0          0         68   llshl.o
        36          0          0          0          0         68   llsshr.o
        32          0          0          0          0         68   llushr.o
        36          0          0          0          0         68   memcpya.o
        36          0          0          0          0        108   memseta.o
      2276         96          0          0          0        596   printfa.o
         0          0          0          4          0          0   stdout.o
        14          0          0          0          0         68   strlen.o
        36          0          0          0          0         80   strstr.o
        44          0          0          0          0         80   uidiv.o
        98          0          0          0          0         92   uldiv.o
        48          0          0          0          0         68   cdrcmple.o
       334          0          0          0          0        148   dadd.o
       222          0          0          0          0        100   ddiv.o
       186          0          0          0          0        176   depilogue.o
        48          0          0          0          0         68   dfixul.o
       228          0          0          0          0         96   dmul.o

    ----------------------------------------------------------------------
      3792        112          0          4          0       2020   Library Totals
         2          0          0          0          0          0   (incl. Padding)

    ----------------------------------------------------------------------

      Code (inc. data)   RO Data    RW Data    ZI Data      Debug   Library Name

      2724        112          0          4          0       1364   mc_w.l
      1066          0          0          0          0        656   mf_w.l

    ----------------------------------------------------------------------
      3792        112          0          4          0       2020   Library Totals

    ----------------------------------------------------------------------

==============================================================================


      Code (inc. data)   RO Data    RW Data    ZI Data      Debug   

     35472       3340     274316        160       9056     361946   Grand Totals
     35472       3340     274316        160       9056     361946   ELF Image Totals
     35472       3340     274316        160          0          0   ROM Totals

==============================================================================

    Total RO  Size (Code + RO Data)               309788 ( 302.53kB)
    Total RW  Size (RW Data + ZI Data)              9216 (   9.00kB)
    Total ROM Size (Code + RO Data + RW Data)     309948 ( 302.68kB)

==============================================================================

